Archive member included because of file (symbol)

c:/program files (x86)/gnu tools arm embedded/4.9 2015q3/bin/../lib/gcc/arm-none-eabi/4.9.3/../../../../arm-none-eabi/lib/armv7e-m/fpu\libm.a(lib_a-s_fabs.o)
                              ./RTOS-Demo/Common/Minimal/flop.o (fabs)
c:/program files (x86)/gnu tools arm embedded/4.9 2015q3/bin/../lib/gcc/arm-none-eabi/4.9.3/armv7e-m/fpu\libgcc.a(_arm_addsubdf3.o)
                              ./RTOS-Demo/Common/Minimal/flop.o (__aeabi_dsub)
c:/program files (x86)/gnu tools arm embedded/4.9 2015q3/bin/../lib/gcc/arm-none-eabi/4.9.3/armv7e-m/fpu\libgcc.a(_arm_muldivdf3.o)
                              ./RTOS-Demo/Common/Minimal/flop.o (__aeabi_dmul)
c:/program files (x86)/gnu tools arm embedded/4.9 2015q3/bin/../lib/gcc/arm-none-eabi/4.9.3/armv7e-m/fpu\libgcc.a(_arm_cmpdf2.o)
                              ./RTOS-Demo/Common/Minimal/flop.o (__aeabi_dcmpgt)
c:/program files (x86)/gnu tools arm embedded/4.9 2015q3/bin/../lib/gcc/arm-none-eabi/4.9.3/../../../../arm-none-eabi/lib/armv7e-m/fpu\libg_nano.a(lib_a-errno.o)
                              ./system/src/newlib/_sbrk.o (__errno)
c:/program files (x86)/gnu tools arm embedded/4.9 2015q3/bin/../lib/gcc/arm-none-eabi/4.9.3/../../../../arm-none-eabi/lib/armv7e-m/fpu\libg_nano.a(lib_a-impure.o)
                              c:/program files (x86)/gnu tools arm embedded/4.9 2015q3/bin/../lib/gcc/arm-none-eabi/4.9.3/../../../../arm-none-eabi/lib/armv7e-m/fpu\libg_nano.a(lib_a-errno.o) (_impure_ptr)
c:/program files (x86)/gnu tools arm embedded/4.9 2015q3/bin/../lib/gcc/arm-none-eabi/4.9.3/../../../../arm-none-eabi/lib/armv7e-m/fpu\libg_nano.a(lib_a-memcpy.o)
                              ./RTOS-Source/queue.o (memcpy)
c:/program files (x86)/gnu tools arm embedded/4.9 2015q3/bin/../lib/gcc/arm-none-eabi/4.9.3/../../../../arm-none-eabi/lib/armv7e-m/fpu\libg_nano.a(lib_a-memset.o)
                              ./RTOS-Source/tasks.o (memset)
c:/program files (x86)/gnu tools arm embedded/4.9 2015q3/bin/../lib/gcc/arm-none-eabi/4.9.3/../../../../arm-none-eabi/lib/armv7e-m/fpu\libg_nano.a(lib_a-strcmp.o)
                              ./RTOS-Demo/Common/Minimal/TimerDemo.o (strcmp)
c:/program files (x86)/gnu tools arm embedded/4.9 2015q3/bin/../lib/gcc/arm-none-eabi/4.9.3/../../../../arm-none-eabi/lib/armv7e-m/fpu\libg_nano.a(lib_a-strlen.o)
                              ./system/src/diag/Trace.o (strlen)
c:/program files (x86)/gnu tools arm embedded/4.9 2015q3/bin/../lib/gcc/arm-none-eabi/4.9.3/../../../../arm-none-eabi/lib/armv7e-m/fpu\libg_nano.a(lib_a-vsnprintf.o)
                              ./system/src/diag/Trace.o (vsnprintf)
c:/program files (x86)/gnu tools arm embedded/4.9 2015q3/bin/../lib/gcc/arm-none-eabi/4.9.3/../../../../arm-none-eabi/lib/armv7e-m/fpu\libg_nano.a(lib_a-nano-svfprintf.o)
                              c:/program files (x86)/gnu tools arm embedded/4.9 2015q3/bin/../lib/gcc/arm-none-eabi/4.9.3/../../../../arm-none-eabi/lib/armv7e-m/fpu\libg_nano.a(lib_a-vsnprintf.o) (_svfprintf_r)
c:/program files (x86)/gnu tools arm embedded/4.9 2015q3/bin/../lib/gcc/arm-none-eabi/4.9.3/../../../../arm-none-eabi/lib/armv7e-m/fpu\libg_nano.a(lib_a-nano-vfprintf_i.o)
                              c:/program files (x86)/gnu tools arm embedded/4.9 2015q3/bin/../lib/gcc/arm-none-eabi/4.9.3/../../../../arm-none-eabi/lib/armv7e-m/fpu\libg_nano.a(lib_a-nano-svfprintf.o) (_printf_i)
c:/program files (x86)/gnu tools arm embedded/4.9 2015q3/bin/../lib/gcc/arm-none-eabi/4.9.3/../../../../arm-none-eabi/lib/armv7e-m/fpu\libg_nano.a(lib_a-memchr.o)
                              c:/program files (x86)/gnu tools arm embedded/4.9 2015q3/bin/../lib/gcc/arm-none-eabi/4.9.3/../../../../arm-none-eabi/lib/armv7e-m/fpu\libg_nano.a(lib_a-nano-svfprintf.o) (memchr)
c:/program files (x86)/gnu tools arm embedded/4.9 2015q3/bin/../lib/gcc/arm-none-eabi/4.9.3/../../../../arm-none-eabi/lib/armv7e-m/fpu\libg_nano.a(lib_a-memmove.o)
                              c:/program files (x86)/gnu tools arm embedded/4.9 2015q3/bin/../lib/gcc/arm-none-eabi/4.9.3/../../../../arm-none-eabi/lib/armv7e-m/fpu\libg_nano.a(lib_a-nano-svfprintf.o) (memmove)
c:/program files (x86)/gnu tools arm embedded/4.9 2015q3/bin/../lib/gcc/arm-none-eabi/4.9.3/../../../../arm-none-eabi/lib/armv7e-m/fpu\libg_nano.a(lib_a-nano-freer.o)
                              c:/program files (x86)/gnu tools arm embedded/4.9 2015q3/bin/../lib/gcc/arm-none-eabi/4.9.3/../../../../arm-none-eabi/lib/armv7e-m/fpu\libg_nano.a(lib_a-nano-svfprintf.o) (_free_r)
c:/program files (x86)/gnu tools arm embedded/4.9 2015q3/bin/../lib/gcc/arm-none-eabi/4.9.3/../../../../arm-none-eabi/lib/armv7e-m/fpu\libg_nano.a(lib_a-nano-mallocr.o)
                              c:/program files (x86)/gnu tools arm embedded/4.9 2015q3/bin/../lib/gcc/arm-none-eabi/4.9.3/../../../../arm-none-eabi/lib/armv7e-m/fpu\libg_nano.a(lib_a-nano-svfprintf.o) (_malloc_r)
[...]
Memory Configuration

Name             Origin             Length             Attributes
RAM              0x20000000         0x00020000         xrw
CCMRAM           0x10000000         0x00010000         xrw
FLASH            0x08000000         0x00100000         xr
FLASHB1          0x00000000         0x00000000         xr
EXTMEMB0         0x00000000         0x00000000         xr
EXTMEMB1         0x00000000         0x00000000         xr
EXTMEMB2         0x00000000         0x00000000         xr
EXTMEMB3         0x00000000         0x00000000         xr
MEMORY_ARRAY     0x20002000         0x00000020         xrw
*default*        0x00000000         0xffffffff

Linker script and memory map

LOAD ./system/src/newlib/_cxx.o
LOAD ./system/src/newlib/_exit.o
LOAD ./system/src/newlib/_sbrk.o
LOAD ./system/src/newlib/_startup.o
LOAD ./system/src/newlib/_syscalls.o
LOAD ./system/src/newlib/assert.o
LOAD ./system/src/diag/Trace.o
LOAD ./system/src/diag/trace_impl.o
LOAD ./system/src/cortexm/_initialize_hardware.o
LOAD ./system/src/cortexm/_reset_hardware.o
LOAD ./system/src/cortexm/exception_handlers.o
LOAD ./system/src/cmsis/system_stm32f4xx.o
LOAD ./system/src/cmsis/vectors_stm32f407xx.o
LOAD ./RTOS-Source/portable/MemMang/heap_4.o
LOAD ./RTOS-Source/portable/GCC/ARM_CM4F/port.o
LOAD ./RTOS-Source/croutine.o
LOAD ./RTOS-Source/event_groups.o
LOAD ./RTOS-Source/list.o
LOAD ./RTOS-Source/queue.o
LOAD ./RTOS-Source/tasks.o
LOAD ./RTOS-Source/timers.o
LOAD ./RTOS-Demo/board/iar_stm32f407zg_sk.o
LOAD ./RTOS-Demo/Libraries/STM32F4xx_StdPeriph_Driver/src/misc.o
LOAD ./RTOS-Demo/Libraries/STM32F4xx_StdPeriph_Driver/src/stm32f4xx_exti.o
LOAD ./RTOS-Demo/Libraries/STM32F4xx_StdPeriph_Driver/src/stm32f4xx_gpio.o
LOAD ./RTOS-Demo/Libraries/STM32F4xx_StdPeriph_Driver/src/stm32f4xx_rcc.o
LOAD ./RTOS-Demo/Libraries/STM32F4xx_StdPeriph_Driver/src/stm32f4xx_syscfg.o
LOAD ./RTOS-Demo/Common/Minimal/AltBlckQ.o
LOAD ./RTOS-Demo/Common/Minimal/AltBlock.o
LOAD ./RTOS-Demo/Common/Minimal/AltPollQ.o
LOAD ./RTOS-Demo/Common/Minimal/AltQTest.o
LOAD ./RTOS-Demo/Common/Minimal/BlockQ.o
LOAD ./RTOS-Demo/Common/Minimal/GenQTest.o
LOAD ./RTOS-Demo/Common/Minimal/IntSemTest.o
LOAD ./RTOS-Demo/Common/Minimal/PollQ.o
LOAD ./RTOS-Demo/Common/Minimal/QPeek.o
LOAD ./RTOS-Demo/Common/Minimal/QueueOverwrite.o
LOAD ./RTOS-Demo/Common/Minimal/QueueSet.o
LOAD ./RTOS-Demo/Common/Minimal/QueueSetPolling.o
LOAD ./RTOS-Demo/Common/Minimal/TaskNotify.o
LOAD ./RTOS-Demo/Common/Minimal/TimerDemo.o
LOAD ./RTOS-Demo/Common/Minimal/blocktim.o
LOAD ./RTOS-Demo/Common/Minimal/comtest.o
LOAD ./RTOS-Demo/Common/Minimal/countsem.o
LOAD ./RTOS-Demo/Common/Minimal/crflash.o
LOAD ./RTOS-Demo/Common/Minimal/death.o
LOAD ./RTOS-Demo/Common/Minimal/dynamic.o
LOAD ./RTOS-Demo/Common/Minimal/flash.o
LOAD ./RTOS-Demo/Common/Minimal/flash_timer.o
LOAD ./RTOS-Demo/Common/Minimal/flop.o
LOAD ./RTOS-Demo/Common/Minimal/integer.o
LOAD ./RTOS-Demo/Common/Minimal/recmutex.o
LOAD ./RTOS-Demo/Common/Minimal/semtest.o
LOAD ./RTOS-Demo/ParTest.o
LOAD ./RTOS-Demo/RegTest.o
LOAD ./RTOS-Demo/main.o
LOAD ./RTOS-Demo/stm32f4xx_it.o
LOAD c:/program files (x86)/gnu tools arm embedded/4.9 2015q3/bin/../lib/gcc/arm-none-eabi/4.9.3/../../../../arm-none-eabi/lib/armv7e-m/fpu\libstdc++_nano.a
LOAD c:/program files (x86)/gnu tools arm embedded/4.9 2015q3/bin/../lib/gcc/arm-none-eabi/4.9.3/../../../../arm-none-eabi/lib/armv7e-m/fpu\libm.a
START GROUP
LOAD c:/program files (x86)/gnu tools arm embedded/4.9 2015q3/bin/../lib/gcc/arm-none-eabi/4.9.3/armv7e-m/fpu\libgcc.a
LOAD c:/program files (x86)/gnu tools arm embedded/4.9 2015q3/bin/../lib/gcc/arm-none-eabi/4.9.3/../../../../arm-none-eabi/lib/armv7e-m/fpu\libg_nano.a
LOAD c:/program files (x86)/gnu tools arm embedded/4.9 2015q3/bin/../lib/gcc/arm-none-eabi/4.9.3/../../../../arm-none-eabi/lib/armv7e-m/fpu\libc_nano.a
END GROUP
START GROUP
LOAD c:/program files (x86)/gnu tools arm embedded/4.9 2015q3/bin/../lib/gcc/arm-none-eabi/4.9.3/armv7e-m/fpu\libgcc.a
LOAD c:/program files (x86)/gnu tools arm embedded/4.9 2015q3/bin/../lib/gcc/arm-none-eabi/4.9.3/../../../../arm-none-eabi/lib/armv7e-m/fpu\libc_nano.a
END GROUP
                0x20020000                __stack = (ORIGIN (RAM) + 0x20000)
                0x20020000                _estack = __stack
                0x00000400                __Main_Stack_Size = 0x400
                0x00000400                PROVIDE (_Main_Stack_Size, __Main_Stack_Size)
                0x2001fc00                __Main_Stack_Limit = (__stack - __Main_Stack_Size)
                0x2001fc00                PROVIDE (_Main_Stack_Limit, __Main_Stack_Limit)
                0x00000100                _Minimum_Stack_Size = 0x100
                0x20012eec                PROVIDE (_Heap_Begin, _end_noinit)
                0x2001fc00                PROVIDE (_Heap_Limit, (__stack - __Main_Stack_Size))

.isr_vector     0x08000000      0x3d0
 FILL mask 0xff
                0x08000000                __vectors_start = ABSOLUTE (.)
                0x08000000                __vectors_start__ = ABSOLUTE (.)
 *(.isr_vector)
 .isr_vector    0x08000000      0x188 ./system/src/cmsis/vectors_stm32f407xx.o
                0x08000000                __isr_vectors
 *(.cfmconfig)
 *(.after_vectors .after_vectors.*)
 .after_vectors
                0x08000188      0x114 ./system/src/newlib/_startup.o
                0x08000188                _start
 .after_vectors
                0x0800029c      0x130 ./system/src/cortexm/exception_handlers.o
                0x0800029c                Reset_Handler
                0x080002bc                HardFault_Handler_C
                0x08000334                BusFault_Handler_C
                0x0800037c                UsageFault_Handler_C
 .after_vectors
                0x080003cc        0x4 ./system/src/cmsis/vectors_stm32f407xx.o
                0x080003cc                RTC_Alarm_IRQHandler
                0x080003cc                HASH_RNG_IRQHandler
                0x080003cc                EXTI2_IRQHandler
                0x080003cc                TIM8_CC_IRQHandler
                0x080003cc                TIM1_CC_IRQHandler
                0x080003cc                DMA2_Stream5_IRQHandler
                0x080003cc                DMA1_Stream5_IRQHandler
                0x080003cc                PVD_IRQHandler
                0x080003cc                SDIO_IRQHandler
                0x080003cc                TAMP_STAMP_IRQHandler
                0x080003cc                CAN2_RX1_IRQHandler
                0x080003cc                EXTI3_IRQHandler
                0x080003cc                TIM8_TRG_COM_TIM14_IRQHandler
                0x080003cc                TIM1_UP_TIM10_IRQHandler
                0x080003cc                TIM8_UP_TIM13_IRQHandler
                0x080003cc                I2C3_ER_IRQHandler
                0x080003cc                I2C2_EV_IRQHandler
                0x080003cc                DMA1_Stream2_IRQHandler
                0x080003cc                CAN1_RX0_IRQHandler
                0x080003cc                FPU_IRQHandler
                0x080003cc                OTG_HS_WKUP_IRQHandler
                0x080003cc                CAN2_SCE_IRQHandler
                0x080003cc                DMA2_Stream2_IRQHandler
                0x080003cc                SPI1_IRQHandler
                0x080003cc                TIM6_DAC_IRQHandler
                0x080003cc                TIM1_BRK_TIM9_IRQHandler
                0x080003cc                DCMI_IRQHandler
                0x080003cc                CAN2_RX0_IRQHandler
                0x080003cc                DMA2_Stream3_IRQHandler
                0x080003cc                USART6_IRQHandler
                0x080003cc                USART3_IRQHandler
                0x080003cc                CAN1_RX1_IRQHandler
                0x080003cc                UART5_IRQHandler
                0x080003cc                DMA2_Stream0_IRQHandler
                0x080003cc                TIM4_IRQHandler
                0x080003cc                I2C1_EV_IRQHandler
                0x080003cc                DMA1_Stream6_IRQHandler
                0x080003cc                DMA1_Stream1_IRQHandler
                0x080003cc                UART4_IRQHandler
                0x080003cc                RCC_IRQHandler
                0x080003cc                TIM8_BRK_TIM12_IRQHandler
                0x080003cc                Default_Handler
                0x080003cc                EXTI15_10_IRQHandler
                0x080003cc                ADC_IRQHandler
                0x080003cc                DMA1_Stream7_IRQHandler
                0x080003cc                TIM7_IRQHandler
                0x080003cc                CAN2_TX_IRQHandler
                0x080003cc                TIM5_IRQHandler
                0x080003cc                DMA2_Stream7_IRQHandler
                0x080003cc                I2C3_EV_IRQHandler
                0x080003cc                RTC_WKUP_IRQHandler
                0x080003cc                ETH_WKUP_IRQHandler
                0x080003cc                SPI2_IRQHandler
                0x080003cc                OTG_HS_EP1_IN_IRQHandler
                0x080003cc                DMA1_Stream0_IRQHandler
                0x080003cc                CAN1_TX_IRQHandler
                0x080003cc                EXTI4_IRQHandler
                0x080003cc                ETH_IRQHandler
                0x080003cc                OTG_HS_EP1_OUT_IRQHandler
                0x080003cc                WWDG_IRQHandler
                0x080003cc                OTG_FS_WKUP_IRQHandler
                0x080003cc                TIM1_TRG_COM_TIM11_IRQHandler
                0x080003cc                OTG_HS_IRQHandler
                0x080003cc                EXTI1_IRQHandler
                0x080003cc                USART2_IRQHandler
                0x080003cc                I2C2_ER_IRQHandler
                0x080003cc                DMA2_Stream1_IRQHandler
                0x080003cc                CAN1_SCE_IRQHandler
                0x080003cc                FLASH_IRQHandler
                0x080003cc                DMA2_Stream4_IRQHandler
                0x080003cc                USART1_IRQHandler
                0x080003cc                OTG_FS_IRQHandler
                0x080003cc                SPI3_IRQHandler
                0x080003cc                DMA1_Stream4_IRQHandler
                0x080003cc                I2C1_ER_IRQHandler
                0x080003cc                FMC_IRQHandler
                0x080003cc                DMA2_Stream6_IRQHandler
                0x080003cc                DMA1_Stream3_IRQHandler

.inits          0x080003d0       0x28
                0x080003d0                __data_regions_array_start = .
                0x080003d0        0x4 LONG 0x8003798 LOADADDR (.data)
                0x080003d4        0x4 LONG 0x20000000 ADDR (.data)
                0x080003d8        0x4 LONG 0x200000ac (ADDR (.data) + SIZEOF (.data))
                0x080003dc        0x4 LONG 0x8003798 LOADADDR (.data_CCMRAM)
                0x080003e0        0x4 LONG 0x10000000 ADDR (.data_CCMRAM)
                0x080003e4        0x4 LONG 0x10000000 (ADDR (.data_CCMRAM) + SIZEOF (.data_CCMRAM))
                0x080003e8                __data_regions_array_end = .
                0x080003e8                __bss_regions_array_start = .
                0x080003e8        0x4 LONG 0x200000ac ADDR (.bss)
                0x080003ec        0x4 LONG 0x20012eec (ADDR (.bss) + SIZEOF (.bss))
                0x080003f0        0x4 LONG 0x10000000 ADDR (.bss_CCMRAM)
                0x080003f4        0x4 LONG 0x10000000 (ADDR (.bss_CCMRAM) + SIZEOF (.bss_CCMRAM))
                0x080003f8                __bss_regions_array_end = .
 *(.init)
 *(.fini)
                0x080003f8                . = ALIGN (0x4)
                0x080003f8                PROVIDE (__preinit_array_start, .)
 *(.preinit_array_sysinit .preinit_array_sysinit.*)
 *(.preinit_array_platform .preinit_array_platform.*)
 *(.preinit_array .preinit_array.*)
                0x080003f8                PROVIDE (__preinit_array_end, .)
                0x080003f8                . = ALIGN (0x4)
                0x080003f8                PROVIDE (__init_array_start, .)
 *(SORT(.init_array.*))
 *(.init_array)
                0x080003f8                PROVIDE (__init_array_end, .)
                0x080003f8                . = ALIGN (0x4)
                0x080003f8                PROVIDE (__fini_array_start, .)
 *(SORT(.fini_array.*))
 *(.fini_array)
                0x080003f8                PROVIDE (__fini_array_end, .)

.flashtext
 *(.flashtext .flashtext.*)

.text           0x080003f8     0x33a0
 *(.text .text.*)
 .text._exit    0x080003f8        0x4 ./system/src/newlib/_exit.o
                0x080003f8                _exit
 .text.abort    0x080003fc       0x14 ./system/src/newlib/_exit.o
                0x080003fc                abort
 .text._sbrk    0x08000410       0x44 ./system/src/newlib/_sbrk.o
                0x08000410                _sbrk
 .text.__initialize_args
                0x08000454       0x10 ./system/src/newlib/_syscalls.o
                0x08000454                __initialize_args
 .text.assert_failed
                0x08000464       0x18 ./system/src/newlib/assert.o
                0x08000464                assert_failed
 .text.trace_printf
                0x0800047c       0x34 ./system/src/diag/Trace.o
                0x0800047c                trace_printf
 .text.trace_puts
                0x080004b0       0x20 ./system/src/diag/Trace.o
                0x080004b0                trace_puts
 .text._trace_write_semihosting_debug
                0x080004d0       0x64 ./system/src/diag/trace_impl.o
 .text.trace_write
                0x08000534        0x8 ./system/src/diag/trace_impl.o
                0x08000534                trace_write
 .text.__initialize_hardware_early
                0x0800053c       0x24 ./system/src/cortexm/_initialize_hardware.o
                0x0800053c                __initialize_hardware_early
 .text.__initialize_hardware
                0x08000560        0x8 ./system/src/cortexm/_initialize_hardware.o
                0x08000560                __initialize_hardware
 .text.dumpExceptionStack
                0x08000568       0xf0 ./system/src/cortexm/exception_handlers.o
                0x08000568                dumpExceptionStack
 .text.isSemihosting
                0x08000658       0x20 ./system/src/cortexm/exception_handlers.o
                0x08000658                isSemihosting
 .text.SystemInit
                0x08000678       0x4c ./system/src/cmsis/system_stm32f4xx.o
                0x08000678                SystemInit
 .text.SystemCoreClockUpdate
                0x080006c4       0xa0 ./system/src/cmsis/system_stm32f4xx.o
                0x080006c4                SystemCoreClockUpdate
 .text.prvHeapInit
                0x08000764       0x64 ./RTOS-Source/portable/MemMang/heap_4.o
 .text.prvInsertBlockIntoFreeList
                0x080007c8       0x58 ./RTOS-Source/portable/MemMang/heap_4.o
 .text.pvPortMalloc
                0x08000820       0xf4 ./RTOS-Source/portable/MemMang/heap_4.o
                0x08000820                pvPortMalloc
 .text.vPortFree
                0x08000914       0x78 ./RTOS-Source/portable/MemMang/heap_4.o
                0x08000914                vPortFree
 .text.prvTaskExitError
                0x0800098c       0x34 ./RTOS-Source/portable/GCC/ARM_CM4F/port.o
 .text.prvPortStartFirstTask
                0x080009c0       0x20 ./RTOS-Source/portable/GCC/ARM_CM4F/port.o
 .text.vPortEnableVFP
                0x080009e0       0x14 ./RTOS-Source/portable/GCC/ARM_CM4F/port.o
 .text.pxPortInitialiseStack
                0x080009f4       0x28 ./RTOS-Source/portable/GCC/ARM_CM4F/port.o
                0x080009f4                pxPortInitialiseStack
 .text.SVC_Handler
                0x08000a1c       0x20 ./RTOS-Source/portable/GCC/ARM_CM4F/port.o
                0x08000a1c                SVC_Handler
 .text.vPortEnterCritical
                0x08000a3c       0x44 ./RTOS-Source/portable/GCC/ARM_CM4F/port.o
                0x08000a3c                vPortEnterCritical
 .text.vPortExitCritical
                0x08000a80       0x2c ./RTOS-Source/portable/GCC/ARM_CM4F/port.o
                0x08000a80                vPortExitCritical
 .text.PendSV_Handler
                0x08000aac       0x60 ./RTOS-Source/portable/GCC/ARM_CM4F/port.o
                0x08000aac                PendSV_Handler
 .text.SysTick_Handler
                0x08000b0c       0x30 ./RTOS-Source/portable/GCC/ARM_CM4F/port.o
                0x08000b0c                SysTick_Handler
 .text.vPortSetupTimerInterrupt
                0x08000b3c       0x2c ./RTOS-Source/portable/GCC/ARM_CM4F/port.o
                0x08000b3c                vPortSetupTimerInterrupt
 .text.xPortStartScheduler
                0x08000b68       0xec ./RTOS-Source/portable/GCC/ARM_CM4F/port.o
                0x08000b68                xPortStartScheduler
 .text.vPortValidateInterruptPriority
                0x08000c54       0x5c ./RTOS-Source/portable/GCC/ARM_CM4F/port.o
                0x08000c54                vPortValidateInterruptPriority
 .text.vListInitialise
                0x08000cb0       0x18 ./RTOS-Source/list.o
                0x08000cb0                vListInitialise
 .text.vListInitialiseItem
                0x08000cc8        0x8 ./RTOS-Source/list.o
                0x08000cc8                vListInitialiseItem
 .text.vListInsertEnd
                0x08000cd0       0x18 ./RTOS-Source/list.o
                0x08000cd0                vListInsertEnd
 .text.vListInsert
                0x08000ce8       0x34 ./RTOS-Source/list.o
                0x08000ce8                vListInsert
 .text.uxListRemove
                0x08000d1c       0x24 ./RTOS-Source/list.o
                0x08000d1c                uxListRemove
 .text.prvIsQueueFull
                0x08000d40       0x20 ./RTOS-Source/queue.o
 .text.prvIsQueueEmpty
                0x08000d60       0x1c ./RTOS-Source/queue.o
 .text.prvCopyDataToQueue
                0x08000d7c       0x7c ./RTOS-Source/queue.o
 .text.prvCopyDataFromQueue
                0x08000df8       0x24 ./RTOS-Source/queue.o
 .text.prvUnlockQueue
                0x08000e1c       0x64 ./RTOS-Source/queue.o
 .text.xQueueGenericReset
                0x08000e80       0x80 ./RTOS-Source/queue.o
                0x08000e80                xQueueGenericReset
 .text.xQueueGenericCreate
                0x08000f00       0x68 ./RTOS-Source/queue.o
                0x08000f00                xQueueGenericCreate
 .text.xQueueGenericSend
                0x08000f68      0x184 ./RTOS-Source/queue.o
                0x08000f68                xQueueGenericSend
 .text.xQueueGenericSendFromISR
                0x080010ec       0xdc ./RTOS-Source/queue.o
                0x080010ec                xQueueGenericSendFromISR
 .text.xQueueGiveFromISR
                0x080011c8       0xb8 ./RTOS-Source/queue.o
                0x080011c8                xQueueGiveFromISR
 .text.xQueueGenericReceive
                0x08001280      0x188 ./RTOS-Source/queue.o
                0x08001280                xQueueGenericReceive
 .text.vQueueAddToRegistry
                0x08001408       0x28 ./RTOS-Source/queue.o
                0x08001408                vQueueAddToRegistry
 .text.vQueueWaitForMessageRestricted
                0x08001430       0x40 ./RTOS-Source/queue.o
                0x08001430                vQueueWaitForMessageRestricted
 .text.prvResetNextTaskUnblockTime
                0x08001470       0x34 ./RTOS-Source/tasks.o
 .text.prvDeleteTCB
                0x080014a4       0x14 ./RTOS-Source/tasks.o
 .text.prvAllocateTCBAndStack
                0x080014b8       0x3c ./RTOS-Source/tasks.o
 .text.prvInitialiseTCBVariables
                0x080014f4       0x50 ./RTOS-Source/tasks.o
 .text.prvInitialiseTaskLists
                0x08001544       0x64 ./RTOS-Source/tasks.o
 .text.prvAddCurrentTaskToDelayedList
                0x080015a8       0x54 ./RTOS-Source/tasks.o
 .text.xTaskGenericCreate
                0x080015fc      0x130 ./RTOS-Source/tasks.o
                0x080015fc                xTaskGenericCreate
 .text.vTaskStartScheduler
                0x0800172c       0x7c ./RTOS-Source/tasks.o
                0x0800172c                vTaskStartScheduler
 .text.vTaskSuspendAll
                0x080017a8       0x10 ./RTOS-Source/tasks.o
                0x080017a8                vTaskSuspendAll
 .text.xTaskGetTickCount
                0x080017b8        0xc ./RTOS-Source/tasks.o
                0x080017b8                xTaskGetTickCount
 .text.xTaskIncrementTick
                0x080017c4      0x134 ./RTOS-Source/tasks.o
                0x080017c4                xTaskIncrementTick
 .text.xTaskResumeAll
                0x080018f8       0xf8 ./RTOS-Source/tasks.o
                0x080018f8                xTaskResumeAll
 .text.vTaskDelayUntil
                0x080019f0       0xd4 ./RTOS-Source/tasks.o
                0x080019f0                vTaskDelayUntil
 .text.prvCheckTasksWaitingTermination
                0x08001ac4       0x54 ./RTOS-Source/tasks.o
 .text.prvIdleTask
                0x08001b18       0x2c ./RTOS-Source/tasks.o
 .text.vTaskSwitchContext
                0x08001b44       0xc4 ./RTOS-Source/tasks.o
                0x08001b44                vTaskSwitchContext
 .text.vTaskPlaceOnEventList
                0x08001c08       0x70 ./RTOS-Source/tasks.o
                0x08001c08                vTaskPlaceOnEventList
 .text.vTaskPlaceOnEventListRestricted
                0x08001c78       0x70 ./RTOS-Source/tasks.o
                0x08001c78                vTaskPlaceOnEventListRestricted
 .text.xTaskRemoveFromEventList
                0x08001ce8       0x8c ./RTOS-Source/tasks.o
                0x08001ce8                xTaskRemoveFromEventList
 .text.vTaskSetTimeOutState
                0x08001d74       0x2c ./RTOS-Source/tasks.o
                0x08001d74                vTaskSetTimeOutState
 .text.xTaskCheckForTimeOut
                0x08001da0       0x80 ./RTOS-Source/tasks.o
                0x08001da0                xTaskCheckForTimeOut
 .text.vTaskMissedYield
                0x08001e20        0xc ./RTOS-Source/tasks.o
                0x08001e20                vTaskMissedYield
 .text.xTaskGetSchedulerState
                0x08001e2c       0x20 ./RTOS-Source/tasks.o
                0x08001e2c                xTaskGetSchedulerState
 .text.vTaskPriorityInherit
                0x08001e4c       0xa8 ./RTOS-Source/tasks.o
                0x08001e4c                vTaskPriorityInherit
 .text.xTaskPriorityDisinherit
                0x08001ef4       0xb4 ./RTOS-Source/tasks.o
                0x08001ef4                xTaskPriorityDisinherit
 .text.pvTaskIncrementMutexHeldCount
                0x08001fa8       0x1c ./RTOS-Source/tasks.o
                0x08001fa8                pvTaskIncrementMutexHeldCount
 .text.prvGetNextExpireTime
                0x08001fc4       0x20 ./RTOS-Source/timers.o
 .text.prvInsertTimerInActiveList
                0x08001fe4       0x48 ./RTOS-Source/timers.o
 .text.prvCheckForValidListAndQueue
                0x0800202c       0x6c ./RTOS-Source/timers.o
 .text.xTimerCreateTimerTask
                0x08002098       0x50 ./RTOS-Source/timers.o
                0x08002098                xTimerCreateTimerTask
 .text.xTimerGenericCommand
                0x080020e8       0x6c ./RTOS-Source/timers.o
                0x080020e8                xTimerGenericCommand
 .text.prvSwitchTimerLists
                0x08002154       0x7c ./RTOS-Source/timers.o
 .text.prvSampleTimeNow
                0x080021d0       0x2c ./RTOS-Source/timers.o
 .text.prvProcessExpiredTimer
                0x080021fc       0x60 ./RTOS-Source/timers.o
 .text.prvProcessTimerOrBlockTask
                0x0800225c       0x74 ./RTOS-Source/timers.o
 .text.prvProcessReceivedCommands
                0x080022d0       0xc0 ./RTOS-Source/timers.o
 .text.prvTimerTask
                0x08002390       0x18 ./RTOS-Source/timers.o
 .text.STM_EVAL_LEDInit
                0x080023a8       0x4c ./RTOS-Demo/board/iar_stm32f407zg_sk.o
                0x080023a8                STM_EVAL_LEDInit
 .text.STM_EVAL_LEDToggle
                0x080023f4       0x1c ./RTOS-Demo/board/iar_stm32f407zg_sk.o
                0x080023f4                STM_EVAL_LEDToggle
 .text.STM_EVAL_PBInit
                0x08002410       0xbc ./RTOS-Demo/board/iar_stm32f407zg_sk.o
                0x08002410                STM_EVAL_PBInit
 .text.NVIC_PriorityGroupConfig
                0x080024cc       0x40 ./RTOS-Demo/Libraries/STM32F4xx_StdPeriph_Driver/src/misc.o
                0x080024cc                NVIC_PriorityGroupConfig
 .text.NVIC_Init
                0x0800250c       0x9c ./RTOS-Demo/Libraries/STM32F4xx_StdPeriph_Driver/src/misc.o
                0x0800250c                NVIC_Init
 .text.EXTI_Init
                0x080025a8       0xd8 ./RTOS-Demo/Libraries/STM32F4xx_StdPeriph_Driver/src/stm32f4xx_exti.o
                0x080025a8                EXTI_Init
 .text.EXTI_ClearITPendingBit
                0x08002680       0x24 ./RTOS-Demo/Libraries/STM32F4xx_StdPeriph_Driver/src/stm32f4xx_exti.o
                0x08002680                EXTI_ClearITPendingBit
 .text.GPIO_Init
                0x080026a4      0x12c ./RTOS-Demo/Libraries/STM32F4xx_StdPeriph_Driver/src/stm32f4xx_gpio.o
                0x080026a4                GPIO_Init
 .text.RCC_AHB1PeriphClockCmd
                0x080027d0       0x4c ./RTOS-Demo/Libraries/STM32F4xx_StdPeriph_Driver/src/stm32f4xx_rcc.o
                0x080027d0                RCC_AHB1PeriphClockCmd
 .text.RCC_APB2PeriphClockCmd
                0x0800281c       0x4c ./RTOS-Demo/Libraries/STM32F4xx_StdPeriph_Driver/src/stm32f4xx_rcc.o
                0x0800281c                RCC_APB2PeriphClockCmd
 .text.SYSCFG_EXTILineConfig
                0x08002868       0x50 ./RTOS-Demo/Libraries/STM32F4xx_StdPeriph_Driver/src/stm32f4xx_syscfg.o
                0x08002868                SYSCFG_EXTILineConfig
 .text.vLEDFlashTask
                0x080028b8       0x48 ./RTOS-Demo/Common/Minimal/flash.o
 .text.vStartLEDFlashTasks
                0x08002900       0x30 ./RTOS-Demo/Common/Minimal/flash.o
                0x08002900                vStartLEDFlashTasks
 .text.vParTestInitialise
                0x08002930       0x1c ./RTOS-Demo/ParTest.o
                0x08002930                vParTestInitialise
 .text.vParTestToggleLED
                0x0800294c       0x20 ./RTOS-Demo/ParTest.o
                0x0800294c                vParTestToggleLED
 .text.vRegTestClearFlopRegistersToParameterValue
                0x0800296c        0x4 ./RTOS-Demo/RegTest.o
                0x0800296c                vRegTestClearFlopRegistersToParameterValue
 .text.ulRegTestCheckFlopRegistersContainParameterValue
                0x08002970        0x4 ./RTOS-Demo/RegTest.o
                0x08002970                ulRegTestCheckFlopRegistersContainParameterValue
 .text.prvSetupHardware
                0x08002974       0x1c ./RTOS-Demo/main.o
 .text.main     0x08002990       0x1c ./RTOS-Demo/main.o
                0x08002990                main
 .text.vApplicationTickHook
                0x080029ac        0x4 ./RTOS-Demo/main.o
                0x080029ac                vApplicationTickHook
 .text.TIM3_IRQHandler
                0x080029b0       0x34 ./RTOS-Demo/main.o
                0x080029b0                TIM3_IRQHandler
 .text.TIM2_IRQHandler
                0x080029e4       0x48 ./RTOS-Demo/main.o
                0x080029e4                TIM2_IRQHandler
 .text.EXTI9_5_IRQHandler
                0x08002a2c       0x38 ./RTOS-Demo/main.o
                0x08002a2c                EXTI9_5_IRQHandler
 .text.vApplicationMallocFailedHook
                0x08002a64       0x14 ./RTOS-Demo/main.o
                0x08002a64                vApplicationMallocFailedHook
 .text.vApplicationIdleHook
                0x08002a78        0x4 ./RTOS-Demo/main.o
                0x08002a78                vApplicationIdleHook
 .text.vApplicationStackOverflowHook
                0x08002a7c       0x14 ./RTOS-Demo/main.o
                0x08002a7c                vApplicationStackOverflowHook
 .text.EXTI0_IRQHandler
                0x08002a90        0x4 ./RTOS-Demo/main.o
                0x08002a90                EXTI0_IRQHandler
 .text.NMI_Handler
                0x08002a94        0x4 ./RTOS-Demo/stm32f4xx_it.o
                0x08002a94                NMI_Handler
 .text.HardFault_Handler
                0x08002a98        0x4 ./RTOS-Demo/stm32f4xx_it.o
                0x08002a98                HardFault_Handler
 .text.MemManage_Handler
                0x08002a9c        0x4 ./RTOS-Demo/stm32f4xx_it.o
                0x08002a9c                MemManage_Handler
 .text.BusFault_Handler
                0x08002aa0        0x4 ./RTOS-Demo/stm32f4xx_it.o
                0x08002aa0                BusFault_Handler
 .text.UsageFault_Handler
                0x08002aa4        0x4 ./RTOS-Demo/stm32f4xx_it.o
                0x08002aa4                UsageFault_Handler
 .text.DebugMon_Handler
                0x08002aa8        0x4 ./RTOS-Demo/stm32f4xx_it.o
                0x08002aa8                DebugMon_Handler
 .text.__errno  0x08002aac        0xc c:/program files (x86)/gnu tools arm embedded/4.9 2015q3/bin/../lib/gcc/arm-none-eabi/4.9.3/../../../../arm-none-eabi/lib/armv7e-m/fpu\libg_nano.a(lib_a-errno.o)
                0x08002aac                __errno
 .text.memcpy   0x08002ab8       0x16 c:/program files (x86)/gnu tools arm embedded/4.9 2015q3/bin/../lib/gcc/arm-none-eabi/4.9.3/../../../../arm-none-eabi/lib/armv7e-m/fpu\libg_nano.a(lib_a-memcpy.o)
                0x08002ab8                memcpy
 .text.memset   0x08002ace       0x10 c:/program files (x86)/gnu tools arm embedded/4.9 2015q3/bin/../lib/gcc/arm-none-eabi/4.9.3/../../../../arm-none-eabi/lib/armv7e-m/fpu\libg_nano.a(lib_a-memset.o)
                0x08002ace                memset
 .text.strlen   0x08002ade       0x10 c:/program files (x86)/gnu tools arm embedded/4.9 2015q3/bin/../lib/gcc/arm-none-eabi/4.9.3/../../../../arm-none-eabi/lib/armv7e-m/fpu\libg_nano.a(lib_a-strlen.o)
                0x08002ade                strlen
 .text._vsnprintf_r
                0x08002aee       0x52 c:/program files (x86)/gnu tools arm embedded/4.9 2015q3/bin/../lib/gcc/arm-none-eabi/4.9.3/../../../../arm-none-eabi/lib/armv7e-m/fpu\libg_nano.a(lib_a-vsnprintf.o)
                0x08002aee                _vsniprintf_r
                0x08002aee                _vsnprintf_r
 .text.vsnprintf
                0x08002b40       0x20 c:/program files (x86)/gnu tools arm embedded/4.9 2015q3/bin/../lib/gcc/arm-none-eabi/4.9.3/../../../../arm-none-eabi/lib/armv7e-m/fpu\libg_nano.a(lib_a-vsnprintf.o)
                0x08002b40                vsniprintf
                0x08002b40                vsnprintf
 .text.__ssputs_r
                0x08002b60       0xb2 c:/program files (x86)/gnu tools arm embedded/4.9 2015q3/bin/../lib/gcc/arm-none-eabi/4.9.3/../../../../arm-none-eabi/lib/armv7e-m/fpu\libg_nano.a(lib_a-nano-svfprintf.o)
                0x08002b60                __ssputs_r
 *fill*         0x08002c12        0x2 
 .text._svfprintf_r
                0x08002c14      0x1e4 c:/program files (x86)/gnu tools arm embedded/4.9 2015q3/bin/../lib/gcc/arm-none-eabi/4.9.3/../../../../arm-none-eabi/lib/armv7e-m/fpu\libg_nano.a(lib_a-nano-svfprintf.o)
                0x08002c14                _svfiprintf_r
                0x08002c14                _svfprintf_r
 .text._printf_common
                0x08002df8       0xea c:/program files (x86)/gnu tools arm embedded/4.9 2015q3/bin/../lib/gcc/arm-none-eabi/4.9.3/../../../../arm-none-eabi/lib/armv7e-m/fpu\libg_nano.a(lib_a-nano-vfprintf_i.o)
                0x08002df8                _printf_common
 *fill*         0x08002ee2        0x2 
 .text._printf_i
                0x08002ee4      0x240 c:/program files (x86)/gnu tools arm embedded/4.9 2015q3/bin/../lib/gcc/arm-none-eabi/4.9.3/../../../../arm-none-eabi/lib/armv7e-m/fpu\libg_nano.a(lib_a-nano-vfprintf_i.o)
                0x08002ee4                _printf_i
 .text.memchr   0x08003124       0x1e c:/program files (x86)/gnu tools arm embedded/4.9 2015q3/bin/../lib/gcc/arm-none-eabi/4.9.3/../../../../arm-none-eabi/lib/armv7e-m/fpu\libg_nano.a(lib_a-memchr.o)
                0x08003124                memchr
 .text.memmove  0x08003142       0x36 c:/program files (x86)/gnu tools arm embedded/4.9 2015q3/bin/../lib/gcc/arm-none-eabi/4.9.3/../../../../arm-none-eabi/lib/armv7e-m/fpu\libg_nano.a(lib_a-memmove.o)
                0x08003142                memmove
 .text._free_r  0x08003178       0x88 c:/program files (x86)/gnu tools arm embedded/4.9 2015q3/bin/../lib/gcc/arm-none-eabi/4.9.3/../../../../arm-none-eabi/lib/armv7e-m/fpu\libg_nano.a(lib_a-nano-freer.o)
                0x08003178                _free_r
 .text._malloc_r
                0x08003200       0xac c:/program files (x86)/gnu tools arm embedded/4.9 2015q3/bin/../lib/gcc/arm-none-eabi/4.9.3/../../../../arm-none-eabi/lib/armv7e-m/fpu\libg_nano.a(lib_a-nano-mallocr.o)
                0x08003200                _malloc_r
 .text._realloc_r
                0x080032ac       0x4c c:/program files (x86)/gnu tools arm embedded/4.9 2015q3/bin/../lib/gcc/arm-none-eabi/4.9.3/../../../../arm-none-eabi/lib/armv7e-m/fpu\libg_nano.a(lib_a-nano-reallocr.o)
                0x080032ac                _realloc_r
 .text._sbrk_r  0x080032f8       0x20 c:/program files (x86)/gnu tools arm embedded/4.9 2015q3/bin/../lib/gcc/arm-none-eabi/4.9.3/../../../../arm-none-eabi/lib/armv7e-m/fpu\libg_nano.a(lib_a-sbrkr.o)
                0x080032f8                _sbrk_r
 .text._malloc_usable_size_r
                0x08003318       0x14 c:/program files (x86)/gnu tools arm embedded/4.9 2015q3/bin/../lib/gcc/arm-none-eabi/4.9.3/../../../../arm-none-eabi/lib/armv7e-m/fpu\libg_nano.a(lib_a-nano-msizer.o)
                0x08003318                _malloc_usable_size_r
 *(.rodata .rodata.* .constdata .constdata.*)
 .rodata.str1.4
                0x0800332c       0x14 ./system/src/newlib/_exit.o
 .rodata.str1.4
                0x08003340       0x6b ./system/src/newlib/assert.o
                                 0x6f (size before relaxing)
 *fill*         0x080033ab        0x1 
 .rodata.str1.4
                0x080033ac       0x29 ./system/src/diag/Trace.o
                                 0x2d (size before relaxing)
 *fill*         0x080033d5        0x3 
 .rodata.str1.4
                0x080033d8      0x146 ./system/src/cortexm/exception_handlers.o
 *fill*         0x0800351e        0x2 
 .rodata.AHBPrescTable
                0x08003520       0x10 ./system/src/cmsis/system_stm32f4xx.o
                0x08003520                AHBPrescTable
 .rodata.str1.4
                0x08003530        0x5 ./RTOS-Source/tasks.o
 *fill*         0x08003535        0x3 
 .rodata.str1.4
                0x08003538       0x10 ./RTOS-Source/timers.o
 .rodata.BUTTON_CLK
                0x08003548       0x20 ./RTOS-Demo/board/iar_stm32f407zg_sk.o
                0x08003548                BUTTON_CLK
 .rodata.BUTTON_PIN
                0x08003568       0x10 ./RTOS-Demo/board/iar_stm32f407zg_sk.o
                0x08003568                BUTTON_PIN
 .rodata.GPIO_CLK
                0x08003578       0x10 ./RTOS-Demo/board/iar_stm32f407zg_sk.o
                0x08003578                GPIO_CLK
 .rodata.GPIO_PIN
                0x08003588        0x8 ./RTOS-Demo/board/iar_stm32f407zg_sk.o
                0x08003588                GPIO_PIN
 .rodata.BUTTON_PORT_SOURCE
                0x08003590       0x10 ./RTOS-Demo/board/iar_stm32f407zg_sk.o
                0x08003590                BUTTON_PORT_SOURCE
 .rodata.BUTTON_PIN_SOURCE
                0x080035a0       0x10 ./RTOS-Demo/board/iar_stm32f407zg_sk.o
                0x080035a0                BUTTON_PIN_SOURCE
 .rodata.BUTTON_IRQn
                0x080035b0       0x10 ./RTOS-Demo/board/iar_stm32f407zg_sk.o
                0x080035b0                BUTTON_IRQn
 .rodata.BUTTON_EXTI_LINE
                0x080035c0       0x10 ./RTOS-Demo/board/iar_stm32f407zg_sk.o
                0x080035c0                BUTTON_EXTI_LINE
 .rodata.str1.4
                0x080035d0       0x3d ./RTOS-Demo/Libraries/STM32F4xx_StdPeriph_Driver/src/misc.o
 *fill*         0x0800360d        0x3 
 .rodata.str1.4
                0x08003610       0x47 ./RTOS-Demo/Libraries/STM32F4xx_StdPeriph_Driver/src/stm32f4xx_exti.o
 *fill*         0x08003657        0x1 
 .rodata.str1.4
                0x08003658       0x47 ./RTOS-Demo/Libraries/STM32F4xx_StdPeriph_Driver/src/stm32f4xx_gpio.o
 *fill*         0x0800369f        0x1 
 .rodata.str1.4
                0x080036a0       0x46 ./RTOS-Demo/Libraries/STM32F4xx_StdPeriph_Driver/src/stm32f4xx_rcc.o
 *fill*         0x080036e6        0x2 
 .rodata.str1.4
                0x080036e8       0x49 ./RTOS-Demo/Libraries/STM32F4xx_StdPeriph_Driver/src/stm32f4xx_syscfg.o
 *fill*         0x08003731        0x3 
 .rodata.str1.4
                0x08003734        0x5 ./RTOS-Demo/Common/Minimal/flash.o
 *fill*         0x08003739        0x3 
 .rodata.xLEDs  0x0800373c        0x4 ./RTOS-Demo/ParTest.o
 .rodata.str1.4
                0x08003740       0x20 ./RTOS-Demo/main.o
                                 0x1f (size before relaxing)
 .rodata.str1.1
                0x08003760        0x2 c:/program files (x86)/gnu tools arm embedded/4.9 2015q3/bin/../lib/gcc/arm-none-eabi/4.9.3/../../../../arm-none-eabi/lib/armv7e-m/fpu\libg_nano.a(lib_a-impure.o)
 .rodata.str1.1
                0x08003762       0x11 c:/program files (x86)/gnu tools arm embedded/4.9 2015q3/bin/../lib/gcc/arm-none-eabi/4.9.3/../../../../arm-none-eabi/lib/armv7e-m/fpu\libg_nano.a(lib_a-nano-svfprintf.o)
 .rodata.str1.1
                0x08003773       0x22 c:/program files (x86)/gnu tools arm embedded/4.9 2015q3/bin/../lib/gcc/arm-none-eabi/4.9.3/../../../../arm-none-eabi/lib/armv7e-m/fpu\libg_nano.a(lib_a-nano-vfprintf_i.o)
 *(vtable)
 *(.eh_frame*)
 *fill*         0x08003795        0x3 
 .eh_frame      0x08003798        0x0 c:/program files (x86)/gnu tools arm embedded/4.9 2015q3/bin/../lib/gcc/arm-none-eabi/4.9.3/../../../../arm-none-eabi/lib/armv7e-m/fpu\libg_nano.a(lib_a-strcmp.o)
                                 0x28 (size before relaxing)
 *(.glue_7)
 .glue_7        0x00000000        0x0 linker stubs
 *(.glue_7t)
 .glue_7t       0x00000000        0x0 linker stubs

.vfp11_veneer   0x08003798        0x0
 .vfp11_veneer  0x00000000        0x0 linker stubs

.v4_bx          0x08003798        0x0
 .v4_bx         0x00000000        0x0 linker stubs

.iplt           0x08003798        0x0
 .iplt          0x00000000        0x0 ./system/src/newlib/_cxx.o

.rel.dyn        0x08003798        0x0
 .rel.iplt      0x00000000        0x0 ./system/src/newlib/_cxx.o

.ARM.extab
 *(.ARM.extab* .gnu.linkonce.armextab.*)
                0x08003798                . = ALIGN (0x4)
                0x08003798                __exidx_start = .

.ARM.exidx
 *(.ARM.exidx* .gnu.linkonce.armexidx.*)
                0x08003798                __exidx_end = .
                0x08003798                . = ALIGN (0x4)
                0x08003798                _etext = .
                0x08003798                __etext = .

.data_CCMRAM    0x10000000        0x0 load address 0x08003798
 FILL mask 0xff
 *(.data.CCMRAM .data.CCMRAM.*)
                0x10000000                . = ALIGN (0x4)
                0x08003798                _sidata = LOADADDR (.data)

.data           0x20000000       0xac load address 0x08003798
 FILL mask 0xff
                0x20000000                _sdata = .
                0x20000000                __data_start__ = .
 *(.data_begin .data_begin.*)
 .data_begin    0x20000000        0x4 ./system/src/newlib/_startup.o
 *(.data .data.*)
 .data.argv.4161
                0x20000004        0x8 ./system/src/newlib/_syscalls.o
 .data.SystemCoreClock
                0x2000000c        0x4 ./system/src/cmsis/system_stm32f4xx.o
                0x2000000c                SystemCoreClock
 .data.uxCriticalNesting
                0x20000010        0x4 ./RTOS-Source/portable/GCC/ARM_CM4F/port.o
 .data.GPIO_PORT
                0x20000014       0x10 ./RTOS-Demo/board/iar_stm32f407zg_sk.o
                0x20000014                GPIO_PORT
 .data.BUTTON_PORT
                0x20000024       0x20 ./RTOS-Demo/board/iar_stm32f407zg_sk.o
                0x20000024                BUTTON_PORT
 .data.impure_data
                0x20000044       0x60 c:/program files (x86)/gnu tools arm embedded/4.9 2015q3/bin/../lib/gcc/arm-none-eabi/4.9.3/../../../../arm-none-eabi/lib/armv7e-m/fpu\libg_nano.a(lib_a-impure.o)
 .data._impure_ptr
                0x200000a4        0x4 c:/program files (x86)/gnu tools arm embedded/4.9 2015q3/bin/../lib/gcc/arm-none-eabi/4.9.3/../../../../arm-none-eabi/lib/armv7e-m/fpu\libg_nano.a(lib_a-impure.o)
                0x200000a4                _impure_ptr
 *(.data_end .data_end.*)
 .data_end      0x200000a8        0x4 ./system/src/newlib/_startup.o
                0x200000ac                . = ALIGN (0x4)
                0x200000ac                _edata = .
                0x200000ac                __data_end__ = .

.igot.plt       0x200000ac        0x0 load address 0x08003844
 .igot.plt      0x00000000        0x0 ./system/src/newlib/_cxx.o

.bss_CCMRAM     0x10000000        0x0
 *(.bss.CCMRAM .bss.CCMRAM.*)

.bss            0x200000ac    0x12e40
                0x200000ac                __bss_start__ = .
                0x200000ac                _sbss = .
 *(.bss_begin .bss_begin.*)
 .bss_begin     0x200000ac        0x4 ./system/src/newlib/_startup.o
 *(.bss .bss.*)
 .bss.current_heap_end.3862
                0x200000b0        0x4 ./system/src/newlib/_sbrk.o
 .bss.name.4160
                0x200000b4        0x1 ./system/src/newlib/_syscalls.o
 *fill*         0x200000b5        0x3 
 .bss.buf.4998  0x200000b8       0x80 ./system/src/diag/Trace.o
 .bss.xFreeBytesRemaining
                0x20000138        0x4 ./RTOS-Source/portable/MemMang/heap_4.o
 .bss.pxEnd     0x2000013c        0x4 ./RTOS-Source/portable/MemMang/heap_4.o
 .bss.xStart    0x20000140        0x8 ./RTOS-Source/portable/MemMang/heap_4.o
 .bss.ucHeap    0x20000148    0x12c00 ./RTOS-Source/portable/MemMang/heap_4.o
 .bss.xBlockAllocatedBit
                0x20012d48        0x4 ./RTOS-Source/portable/MemMang/heap_4.o
 .bss.xMinimumEverFreeBytesRemaining
                0x20012d4c        0x4 ./RTOS-Source/portable/MemMang/heap_4.o
 .bss.ucMaxSysCallPriority
                0x20012d50        0x1 ./RTOS-Source/portable/GCC/ARM_CM4F/port.o
 *fill*         0x20012d51        0x3 
 .bss.ulMaxPRIGROUPValue
                0x20012d54        0x4 ./RTOS-Source/portable/GCC/ARM_CM4F/port.o
 .bss.pxDelayedTaskList
                0x20012d58        0x4 ./RTOS-Source/tasks.o
 .bss.xSchedulerRunning
                0x20012d5c        0x4 ./RTOS-Source/tasks.o
 .bss.uxTasksDeleted
                0x20012d60        0x4 ./RTOS-Source/tasks.o
 .bss.xTasksWaitingTermination
                0x20012d64       0x14 ./RTOS-Source/tasks.o
 .bss.pxOverflowDelayedTaskList
                0x20012d78        0x4 ./RTOS-Source/tasks.o
 .bss.uxPendedTicks
                0x20012d7c        0x4 ./RTOS-Source/tasks.o
 .bss.pxReadyTasksLists
                0x20012d80       0x64 ./RTOS-Source/tasks.o
 .bss.uxSchedulerSuspended
                0x20012de4        0x4 ./RTOS-Source/tasks.o
 .bss.uxCurrentNumberOfTasks
                0x20012de8        0x4 ./RTOS-Source/tasks.o
 .bss.pxCurrentTCB
                0x20012dec        0x4 ./RTOS-Source/tasks.o
                0x20012dec                pxCurrentTCB
 .bss.xPendingReadyList
                0x20012df0       0x14 ./RTOS-Source/tasks.o
 .bss.xNumOfOverflows
                0x20012e04        0x4 ./RTOS-Source/tasks.o
 .bss.xTickCount
                0x20012e08        0x4 ./RTOS-Source/tasks.o
 .bss.xNextTaskUnblockTime
                0x20012e0c        0x4 ./RTOS-Source/tasks.o
 .bss.uxTaskNumber
                0x20012e10        0x4 ./RTOS-Source/tasks.o
 .bss.xDelayedTaskList1
                0x20012e14       0x14 ./RTOS-Source/tasks.o
 .bss.xDelayedTaskList2
                0x20012e28       0x14 ./RTOS-Source/tasks.o
 .bss.xSuspendedTaskList
                0x20012e3c       0x14 ./RTOS-Source/tasks.o
 .bss.uxTopReadyPriority
                0x20012e50        0x4 ./RTOS-Source/tasks.o
 .bss.xYieldPending
                0x20012e54        0x4 ./RTOS-Source/tasks.o
 .bss.pxCurrentTimerList
                0x20012e58        0x4 ./RTOS-Source/timers.o
 .bss.xActiveTimerList1
                0x20012e5c       0x14 ./RTOS-Source/timers.o
 .bss.xActiveTimerList2
                0x20012e70       0x14 ./RTOS-Source/timers.o
 .bss.xLastTime.4789
                0x20012e84        0x4 ./RTOS-Source/timers.o
 .bss.xTimerQueue
                0x20012e88        0x4 ./RTOS-Source/timers.o
 .bss.pxOverflowTimerList
                0x20012e8c        0x4 ./RTOS-Source/timers.o
 .bss.uxFlashTaskNumber
                0x20012e90        0x4 ./RTOS-Demo/Common/Minimal/flash.o
 .bss.ulMaxFPUInterruptNesting
                0x20012e94        0x4 ./RTOS-Demo/main.o
                0x20012e94                ulMaxFPUInterruptNesting
 .bss.ulFPUInterruptNesting
                0x20012e98        0x4 ./RTOS-Demo/main.o
                0x20012e98                ulFPUInterruptNesting
 .bss.__malloc_sbrk_start
                0x20012e9c        0x4 c:/program files (x86)/gnu tools arm embedded/4.9 2015q3/bin/../lib/gcc/arm-none-eabi/4.9.3/../../../../arm-none-eabi/lib/armv7e-m/fpu\libg_nano.a(lib_a-nano-mallocr.o)
                0x20012e9c                __malloc_sbrk_start
 .bss.__malloc_free_list
                0x20012ea0        0x4 c:/program files (x86)/gnu tools arm embedded/4.9 2015q3/bin/../lib/gcc/arm-none-eabi/4.9.3/../../../../arm-none-eabi/lib/armv7e-m/fpu\libg_nano.a(lib_a-nano-mallocr.o)
                0x20012ea0                __malloc_free_list
 *(COMMON)
 COMMON         0x20012ea4        0x4 ./system/src/newlib/_syscalls.o
                0x20012ea4                errno
 COMMON         0x20012ea8       0x40 ./RTOS-Source/queue.o
                0x20012ea8                xQueueRegistry
 *(.bss_end .bss_end.*)
 .bss_end       0x20012ee8        0x4 ./system/src/newlib/_startup.o
                0x20012eec                . = ALIGN (0x4)
                0x20012eec                __bss_end__ = .
                0x20012eec                _ebss = .

.noinit_CCMRAM
 *(.noinit.CCMRAM .noinit.CCMRAM.*)

.noinit         0x20012eec        0x0
                0x20012eec                _noinit = .
 *(.noinit .noinit.*)
                0x20012eec                . = ALIGN (0x4)
                0x20012eec                _end_noinit = .
                0x20012eec                PROVIDE (end, _end_noinit)
                0x20012eec                PROVIDE (_end, _end_noinit)
                0x20012eec                PROVIDE (__end, _end_noinit)
                0x20012eec                PROVIDE (__end__, _end_noinit)

._check_stack   0x20012eec      0x100
                0x20012fec                . = (. + _Minimum_Stack_Size)
 *fill*         0x20012eec      0x100 

.b1text
 *(.b1text)
 *(.b1rodata)
 *(.b1rodata.*)

.eb0text
 *(.eb0text)
 *(.eb0rodata)
 *(.eb0rodata.*)

.eb1text
 *(.eb1text)
 *(.eb1rodata)
 *(.eb1rodata.*)

.eb2text
 *(.eb2text)
 *(.eb2rodata)
 *(.eb2rodata.*)

.eb3text
 *(.eb3text)
 *(.eb3rodata)
 *(.eb3rodata.*)

.stab
 *(.stab)

.stabstr
 *(.stabstr)

.stab.excl
 *(.stab.excl)

.stab.exclstr
 *(.stab.exclstr)

.stab.index
 *(.stab.index)

.stab.indexstr
 *(.stab.indexstr)

.comment        0x00000000       0x70
 *(.comment)
 .comment       0x00000000       0x70 ./system/src/newlib/_exit.o
                                 0x71 (size before relaxing)
 .comment       0x00000000       0x71 ./system/src/newlib/_sbrk.o
 .comment       0x00000000       0x71 ./system/src/newlib/_startup.o
 .comment       0x00000000       0x71 ./system/src/newlib/_syscalls.o
 .comment       0x00000000       0x71 ./system/src/newlib/assert.o
 .comment       0x00000000       0x71 ./system/src/diag/Trace.o
 .comment       0x00000000       0x71 ./system/src/diag/trace_impl.o
 .comment       0x00000000       0x71 ./system/src/cortexm/_initialize_hardware.o
 .comment       0x00000000       0x71 ./system/src/cortexm/exception_handlers.o
 .comment       0x00000000       0x71 ./system/src/cmsis/system_stm32f4xx.o
 .comment       0x00000000       0x71 ./system/src/cmsis/vectors_stm32f407xx.o
 .comment       0x00000000       0x71 ./RTOS-Source/portable/MemMang/heap_4.o
 .comment       0x00000000       0x71 ./RTOS-Source/portable/GCC/ARM_CM4F/port.o
 .comment       0x00000000       0x71 ./RTOS-Source/list.o
 .comment       0x00000000       0x71 ./RTOS-Source/queue.o
 .comment       0x00000000       0x71 ./RTOS-Source/tasks.o
 .comment       0x00000000       0x71 ./RTOS-Source/timers.o
 .comment       0x00000000       0x71 ./RTOS-Demo/board/iar_stm32f407zg_sk.o
 .comment       0x00000000       0x71 ./RTOS-Demo/Libraries/STM32F4xx_StdPeriph_Driver/src/misc.o
 .comment       0x00000000       0x71 ./RTOS-Demo/Libraries/STM32F4xx_StdPeriph_Driver/src/stm32f4xx_exti.o
 .comment       0x00000000       0x71 ./RTOS-Demo/Libraries/STM32F4xx_StdPeriph_Driver/src/stm32f4xx_gpio.o
 .comment       0x00000000       0x71 ./RTOS-Demo/Libraries/STM32F4xx_StdPeriph_Driver/src/stm32f4xx_rcc.o
 .comment       0x00000000       0x71 ./RTOS-Demo/Libraries/STM32F4xx_StdPeriph_Driver/src/stm32f4xx_syscfg.o
 .comment       0x00000000       0x71 ./RTOS-Demo/Common/Minimal/flash.o
 .comment       0x00000000       0x71 ./RTOS-Demo/ParTest.o
 .comment       0x00000000       0x71 ./RTOS-Demo/RegTest.o
 .comment       0x00000000       0x71 ./RTOS-Demo/main.o
 .comment       0x00000000       0x71 ./RTOS-Demo/stm32f4xx_it.o

.ARM.attributes
                0x00000000       0x37
 .ARM.attributes
                0x00000000       0x39 ./system/src/newlib/_exit.o
 .ARM.attributes
                0x00000039       0x39 ./system/src/newlib/_sbrk.o
 .ARM.attributes
                0x00000072       0x39 ./system/src/newlib/_startup.o
 .ARM.attributes
                0x000000ab       0x39 ./system/src/newlib/_syscalls.o
 .ARM.attributes
                0x000000e4       0x39 ./system/src/newlib/assert.o
 .ARM.attributes
                0x0000011d       0x39 ./system/src/diag/Trace.o
 .ARM.attributes
                0x00000156       0x39 ./system/src/diag/trace_impl.o
 .ARM.attributes
                0x0000018f       0x39 ./system/src/cortexm/_initialize_hardware.o
 .ARM.attributes
                0x000001c8       0x39 ./system/src/cortexm/exception_handlers.o
 .ARM.attributes
                0x00000201       0x39 ./system/src/cmsis/system_stm32f4xx.o
 .ARM.attributes
                0x0000023a       0x39 ./system/src/cmsis/vectors_stm32f407xx.o
 .ARM.attributes
                0x00000273       0x39 ./RTOS-Source/portable/MemMang/heap_4.o
 .ARM.attributes
                0x000002ac       0x39 ./RTOS-Source/portable/GCC/ARM_CM4F/port.o
 .ARM.attributes
                0x000002e5       0x39 ./RTOS-Source/list.o
 .ARM.attributes
                0x0000031e       0x39 ./RTOS-Source/queue.o
 .ARM.attributes
                0x00000357       0x39 ./RTOS-Source/tasks.o
 .ARM.attributes
                0x00000390       0x39 ./RTOS-Source/timers.o
 .ARM.attributes
                0x000003c9       0x39 ./RTOS-Demo/board/iar_stm32f407zg_sk.o
 .ARM.attributes
                0x00000402       0x39 ./RTOS-Demo/Libraries/STM32F4xx_StdPeriph_Driver/src/misc.o
 .ARM.attributes
                0x0000043b       0x39 ./RTOS-Demo/Libraries/STM32F4xx_StdPeriph_Driver/src/stm32f4xx_exti.o
 .ARM.attributes
                0x00000474       0x39 ./RTOS-Demo/Libraries/STM32F4xx_StdPeriph_Driver/src/stm32f4xx_gpio.o
 .ARM.attributes
                0x000004ad       0x39 ./RTOS-Demo/Libraries/STM32F4xx_StdPeriph_Driver/src/stm32f4xx_rcc.o
 .ARM.attributes
                0x000004e6       0x39 ./RTOS-Demo/Libraries/STM32F4xx_StdPeriph_Driver/src/stm32f4xx_syscfg.o
 .ARM.attributes
                0x0000051f       0x39 ./RTOS-Demo/Common/Minimal/flash.o
 .ARM.attributes
                0x00000558       0x39 ./RTOS-Demo/ParTest.o
 .ARM.attributes
                0x00000591       0x39 ./RTOS-Demo/RegTest.o
 .ARM.attributes
                0x000005ca       0x39 ./RTOS-Demo/main.o
 .ARM.attributes
                0x00000603       0x39 ./RTOS-Demo/stm32f4xx_it.o
 .ARM.attributes
                0x0000063c       0x34 c:/program files (x86)/gnu tools arm embedded/4.9 2015q3/bin/../lib/gcc/arm-none-eabi/4.9.3/../../../../arm-none-eabi/lib/armv7e-m/fpu\libg_nano.a(lib_a-errno.o)
 .ARM.attributes
                0x00000670       0x34 c:/program files (x86)/gnu tools arm embedded/4.9 2015q3/bin/../lib/gcc/arm-none-eabi/4.9.3/../../../../arm-none-eabi/lib/armv7e-m/fpu\libg_nano.a(lib_a-impure.o)
 .ARM.attributes
                0x000006a4       0x34 c:/program files (x86)/gnu tools arm embedded/4.9 2015q3/bin/../lib/gcc/arm-none-eabi/4.9.3/../../../../arm-none-eabi/lib/armv7e-m/fpu\libg_nano.a(lib_a-memcpy.o)
 .ARM.attributes
                0x000006d8       0x34 c:/program files (x86)/gnu tools arm embedded/4.9 2015q3/bin/../lib/gcc/arm-none-eabi/4.9.3/../../../../arm-none-eabi/lib/armv7e-m/fpu\libg_nano.a(lib_a-memset.o)
 .ARM.attributes
                0x0000070c       0x20 c:/program files (x86)/gnu tools arm embedded/4.9 2015q3/bin/../lib/gcc/arm-none-eabi/4.9.3/../../../../arm-none-eabi/lib/armv7e-m/fpu\libg_nano.a(lib_a-strcmp.o)
 .ARM.attributes
                0x0000072c       0x34 c:/program files (x86)/gnu tools arm embedded/4.9 2015q3/bin/../lib/gcc/arm-none-eabi/4.9.3/../../../../arm-none-eabi/lib/armv7e-m/fpu\libg_nano.a(lib_a-strlen.o)
 .ARM.attributes
                0x00000760       0x34 c:/program files (x86)/gnu tools arm embedded/4.9 2015q3/bin/../lib/gcc/arm-none-eabi/4.9.3/../../../../arm-none-eabi/lib/armv7e-m/fpu\libg_nano.a(lib_a-vsnprintf.o)
 .ARM.attributes
                0x00000794       0x34 c:/program files (x86)/gnu tools arm embedded/4.9 2015q3/bin/../lib/gcc/arm-none-eabi/4.9.3/../../../../arm-none-eabi/lib/armv7e-m/fpu\libg_nano.a(lib_a-nano-svfprintf.o)
 .ARM.attributes
                0x000007c8       0x34 c:/program files (x86)/gnu tools arm embedded/4.9 2015q3/bin/../lib/gcc/arm-none-eabi/4.9.3/../../../../arm-none-eabi/lib/armv7e-m/fpu\libg_nano.a(lib_a-nano-vfprintf_i.o)
 .ARM.attributes
                0x000007fc       0x34 c:/program files (x86)/gnu tools arm embedded/4.9 2015q3/bin/../lib/gcc/arm-none-eabi/4.9.3/../../../../arm-none-eabi/lib/armv7e-m/fpu\libg_nano.a(lib_a-memchr.o)
 .ARM.attributes
                0x00000830       0x34 c:/program files (x86)/gnu tools arm embedded/4.9 2015q3/bin/../lib/gcc/arm-none-eabi/4.9.3/../../../../arm-none-eabi/lib/armv7e-m/fpu\libg_nano.a(lib_a-memmove.o)
 .ARM.attributes
                0x00000864       0x34 c:/program files (x86)/gnu tools arm embedded/4.9 2015q3/bin/../lib/gcc/arm-none-eabi/4.9.3/../../../../arm-none-eabi/lib/armv7e-m/fpu\libg_nano.a(lib_a-nano-freer.o)
 .ARM.attributes
                0x00000898       0x34 c:/program files (x86)/gnu tools arm embedded/4.9 2015q3/bin/../lib/gcc/arm-none-eabi/4.9.3/../../../../arm-none-eabi/lib/armv7e-m/fpu\libg_nano.a(lib_a-nano-mallocr.o)
 .ARM.attributes
                0x000008cc       0x34 c:/program files (x86)/gnu tools arm embedded/4.9 2015q3/bin/../lib/gcc/arm-none-eabi/4.9.3/../../../../arm-none-eabi/lib/armv7e-m/fpu\libg_nano.a(lib_a-nano-reallocr.o)
 .ARM.attributes
                0x00000900       0x34 c:/program files (x86)/gnu tools arm embedded/4.9 2015q3/bin/../lib/gcc/arm-none-eabi/4.9.3/../../../../arm-none-eabi/lib/armv7e-m/fpu\libg_nano.a(lib_a-sbrkr.o)
 .ARM.attributes
                0x00000934       0x34 c:/program files (x86)/gnu tools arm embedded/4.9 2015q3/bin/../lib/gcc/arm-none-eabi/4.9.3/../../../../arm-none-eabi/lib/armv7e-m/fpu\libg_nano.a(lib_a-nano-msizer.o)

.debug
 *(.debug)

.line
 *(.line)

.debug_srcinfo
 *(.debug_srcinfo)

.debug_sfnames
 *(.debug_sfnames)

.debug_aranges  0x00000000      0xb48
 *(.debug_aranges)
 .debug_aranges
                0x00000000       0x28 ./system/src/newlib/_exit.o
 .debug_aranges
                0x00000028       0x20 ./system/src/newlib/_sbrk.o
 .debug_aranges
                0x00000048       0x40 ./system/src/newlib/_startup.o
 .debug_aranges
                0x00000088       0x30 ./system/src/newlib/_syscalls.o
 .debug_aranges
                0x000000b8       0x28 ./system/src/newlib/assert.o
 .debug_aranges
                0x000000e0       0x38 ./system/src/diag/Trace.o
 .debug_aranges
                0x00000118       0x30 ./system/src/diag/trace_impl.o
 .debug_aranges
                0x00000148       0x28 ./system/src/cortexm/_initialize_hardware.o
 .debug_aranges
                0x00000170       0x90 ./system/src/cortexm/exception_handlers.o
 .debug_aranges
                0x00000200       0x28 ./system/src/cmsis/system_stm32f4xx.o
 .debug_aranges
                0x00000228       0x20 ./system/src/cmsis/vectors_stm32f407xx.o
 .debug_aranges
                0x00000248       0x50 ./RTOS-Source/portable/MemMang/heap_4.o
 .debug_aranges
                0x00000298       0x80 ./RTOS-Source/portable/GCC/ARM_CM4F/port.o
 .debug_aranges
                0x00000318       0x40 ./RTOS-Source/list.o
 .debug_aranges
                0x00000358      0x100 ./RTOS-Source/queue.o
 .debug_aranges
                0x00000458      0x1c0 ./RTOS-Source/tasks.o
 .debug_aranges
                0x00000618       0x98 ./RTOS-Source/timers.o
 .debug_aranges
                0x000006b0       0x58 ./RTOS-Demo/board/iar_stm32f407zg_sk.o
 .debug_aranges
                0x00000708       0x40 ./RTOS-Demo/Libraries/STM32F4xx_StdPeriph_Driver/src/misc.o
 .debug_aranges
                0x00000748       0x58 ./RTOS-Demo/Libraries/STM32F4xx_StdPeriph_Driver/src/stm32f4xx_exti.o
 .debug_aranges
                0x000007a0       0x88 ./RTOS-Demo/Libraries/STM32F4xx_StdPeriph_Driver/src/stm32f4xx_gpio.o
 .debug_aranges
                0x00000828      0x178 ./RTOS-Demo/Libraries/STM32F4xx_StdPeriph_Driver/src/stm32f4xx_rcc.o
 .debug_aranges
                0x000009a0       0x48 ./RTOS-Demo/Libraries/STM32F4xx_StdPeriph_Driver/src/stm32f4xx_syscfg.o
 .debug_aranges
                0x000009e8       0x28 ./RTOS-Demo/Common/Minimal/flash.o
 .debug_aranges
                0x00000a10       0x30 ./RTOS-Demo/ParTest.o
 .debug_aranges
                0x00000a40       0x38 ./RTOS-Demo/RegTest.o
 .debug_aranges
                0x00000a78       0x68 ./RTOS-Demo/main.o
 .debug_aranges
                0x00000ae0       0x68 ./RTOS-Demo/stm32f4xx_it.o

.debug_pubnames
 *(.debug_pubnames)

.debug_info     0x00000000     0xc9e9
 *(.debug_info .gnu.linkonce.wi.*)
 .debug_info    0x00000000      0x100 ./system/src/newlib/_exit.o
 .debug_info    0x00000100      0x125 ./system/src/newlib/_sbrk.o
 .debug_info    0x00000225      0x474 ./system/src/newlib/_startup.o
 .debug_info    0x00000699      0x1bc ./system/src/newlib/_syscalls.o
 .debug_info    0x00000855      0x1b0 ./system/src/newlib/assert.o
 .debug_info    0x00000a05      0x32b ./system/src/diag/Trace.o
 .debug_info    0x00000d30      0x304 ./system/src/diag/trace_impl.o
 .debug_info    0x00001034      0x294 ./system/src/cortexm/_initialize_hardware.o
 .debug_info    0x000012c8      0x8f2 ./system/src/cortexm/exception_handlers.o
 .debug_info    0x00001bba      0x481 ./system/src/cmsis/system_stm32f4xx.o
 .debug_info    0x0000203b       0xd1 ./system/src/cmsis/vectors_stm32f407xx.o
 .debug_info    0x0000210c      0x43c ./RTOS-Source/portable/MemMang/heap_4.o
 .debug_info    0x00002548      0x53e ./RTOS-Source/portable/GCC/ARM_CM4F/port.o
 .debug_info    0x00002a86      0x296 ./RTOS-Source/list.o
 .debug_info    0x00002d1c     0x195d ./RTOS-Source/queue.o
 .debug_info    0x00004679     0x27c2 ./RTOS-Source/tasks.o
 .debug_info    0x00006e3b     0x1040 ./RTOS-Source/timers.o
 .debug_info    0x00007e7b      0xef9 ./RTOS-Demo/board/iar_stm32f407zg_sk.o
 .debug_info    0x00008d74      0x63b ./RTOS-Demo/Libraries/STM32F4xx_StdPeriph_Driver/src/misc.o
 .debug_info    0x000093af      0x463 ./RTOS-Demo/Libraries/STM32F4xx_StdPeriph_Driver/src/stm32f4xx_exti.o
 .debug_info    0x00009812      0xae1 ./RTOS-Demo/Libraries/STM32F4xx_StdPeriph_Driver/src/stm32f4xx_gpio.o
 .debug_info    0x0000a2f3     0x1361 ./RTOS-Demo/Libraries/STM32F4xx_StdPeriph_Driver/src/stm32f4xx_rcc.o
 .debug_info    0x0000b654      0x343 ./RTOS-Demo/Libraries/STM32F4xx_StdPeriph_Driver/src/stm32f4xx_syscfg.o
 .debug_info    0x0000b997      0x33d ./RTOS-Demo/Common/Minimal/flash.o
 .debug_info    0x0000bcd4      0x26f ./RTOS-Demo/ParTest.o
 .debug_info    0x0000bf43       0x97 ./RTOS-Demo/RegTest.o
 .debug_info    0x0000bfda      0x8d2 ./RTOS-Demo/main.o
 .debug_info    0x0000c8ac      0x13d ./RTOS-Demo/stm32f4xx_it.o

.debug_abbrev   0x00000000     0x2c7d
 *(.debug_abbrev)
 .debug_abbrev  0x00000000       0xa4 ./system/src/newlib/_exit.o
 .debug_abbrev  0x000000a4       0xbb ./system/src/newlib/_sbrk.o
 .debug_abbrev  0x0000015f      0x1e9 ./system/src/newlib/_startup.o
 .debug_abbrev  0x00000348       0xee ./system/src/newlib/_syscalls.o
 .debug_abbrev  0x00000436       0xc9 ./system/src/newlib/assert.o
 .debug_abbrev  0x000004ff      0x178 ./system/src/diag/Trace.o
 .debug_abbrev  0x00000677      0x1bd ./system/src/diag/trace_impl.o
 .debug_abbrev  0x00000834       0xea ./system/src/cortexm/_initialize_hardware.o
 .debug_abbrev  0x0000091e      0x23e ./system/src/cortexm/exception_handlers.o
 .debug_abbrev  0x00000b5c      0x104 ./system/src/cmsis/system_stm32f4xx.o
 .debug_abbrev  0x00000c60       0x9d ./system/src/cmsis/vectors_stm32f407xx.o
 .debug_abbrev  0x00000cfd      0x21a ./RTOS-Source/portable/MemMang/heap_4.o
 .debug_abbrev  0x00000f17      0x221 ./RTOS-Source/portable/GCC/ARM_CM4F/port.o
 .debug_abbrev  0x00001138       0xdd ./RTOS-Source/list.o
 .debug_abbrev  0x00001215      0x2d1 ./RTOS-Source/queue.o
 .debug_abbrev  0x000014e6      0x35a ./RTOS-Source/tasks.o
 .debug_abbrev  0x00001840      0x2b2 ./RTOS-Source/timers.o
 .debug_abbrev  0x00001af2      0x246 ./RTOS-Demo/board/iar_stm32f407zg_sk.o
 .debug_abbrev  0x00001d38      0x188 ./RTOS-Demo/Libraries/STM32F4xx_StdPeriph_Driver/src/misc.o
 .debug_abbrev  0x00001ec0      0x1f7 ./RTOS-Demo/Libraries/STM32F4xx_StdPeriph_Driver/src/stm32f4xx_exti.o
 .debug_abbrev  0x000020b7      0x1ec ./RTOS-Demo/Libraries/STM32F4xx_StdPeriph_Driver/src/stm32f4xx_gpio.o
 .debug_abbrev  0x000022a3      0x228 ./RTOS-Demo/Libraries/STM32F4xx_StdPeriph_Driver/src/stm32f4xx_rcc.o
 .debug_abbrev  0x000024cb      0x178 ./RTOS-Demo/Libraries/STM32F4xx_StdPeriph_Driver/src/stm32f4xx_syscfg.o
 .debug_abbrev  0x00002643      0x171 ./RTOS-Demo/Common/Minimal/flash.o
 .debug_abbrev  0x000027b4      0x113 ./RTOS-Demo/ParTest.o
 .debug_abbrev  0x000028c7       0x8a ./RTOS-Demo/RegTest.o
 .debug_abbrev  0x00002951      0x2c2 ./RTOS-Demo/main.o
 .debug_abbrev  0x00002c13       0x6a ./RTOS-Demo/stm32f4xx_it.o

.debug_line     0x00000000     0x9f30
 *(.debug_line)
 .debug_line    0x00000000      0x2f8 ./system/src/newlib/_exit.o
 .debug_line    0x000002f8      0x27c ./system/src/newlib/_sbrk.o
 .debug_line    0x00000574      0x33a ./system/src/newlib/_startup.o
 .debug_line    0x000008ae      0x3aa ./system/src/newlib/_syscalls.o
 .debug_line    0x00000c58      0x32f ./system/src/newlib/assert.o
 .debug_line    0x00000f87      0x353 ./system/src/diag/Trace.o
 .debug_line    0x000012da      0x73c ./system/src/diag/trace_impl.o
 .debug_line    0x00001a16      0x4ae ./system/src/cortexm/_initialize_hardware.o
 .debug_line    0x00001ec4      0x820 ./system/src/cortexm/exception_handlers.o
 .debug_line    0x000026e4      0x4ac ./system/src/cmsis/system_stm32f4xx.o
 .debug_line    0x00002b90      0x134 ./system/src/cmsis/vectors_stm32f407xx.o
 .debug_line    0x00002cc4      0x4ed ./RTOS-Source/portable/MemMang/heap_4.o
 .debug_line    0x000031b1      0x3a7 ./RTOS-Source/portable/GCC/ARM_CM4F/port.o
 .debug_line    0x00003558      0x421 ./RTOS-Source/list.o
 .debug_line    0x00003979      0xa92 ./RTOS-Source/queue.o
 .debug_line    0x0000440b      0xe82 ./RTOS-Source/tasks.o
 .debug_line    0x0000528d      0x66f ./RTOS-Source/timers.o
 .debug_line    0x000058fc      0x546 ./RTOS-Demo/board/iar_stm32f407zg_sk.o
 .debug_line    0x00005e42      0x55d ./RTOS-Demo/Libraries/STM32F4xx_StdPeriph_Driver/src/misc.o
 .debug_line    0x0000639f      0x678 ./RTOS-Demo/Libraries/STM32F4xx_StdPeriph_Driver/src/stm32f4xx_exti.o
 .debug_line    0x00006a17      0x9e2 ./RTOS-Demo/Libraries/STM32F4xx_StdPeriph_Driver/src/stm32f4xx_gpio.o
 .debug_line    0x000073f9      0xbec ./RTOS-Demo/Libraries/STM32F4xx_StdPeriph_Driver/src/stm32f4xx_rcc.o
 .debug_line    0x00007fe5      0x531 ./RTOS-Demo/Libraries/STM32F4xx_StdPeriph_Driver/src/stm32f4xx_syscfg.o
 .debug_line    0x00008516      0x45c ./RTOS-Demo/Common/Minimal/flash.o
 .debug_line    0x00008972      0x63f ./RTOS-Demo/ParTest.o
 .debug_line    0x00008fb1       0x7b ./RTOS-Demo/RegTest.o
 .debug_line    0x0000902c      0x9da ./RTOS-Demo/main.o
 .debug_line    0x00009a06      0x52a ./RTOS-Demo/stm32f4xx_it.o

.debug_frame    0x00000000     0x1e98
 *(.debug_frame)
 .debug_frame   0x00000000       0x38 ./system/src/newlib/_exit.o
 .debug_frame   0x00000038       0x28 ./system/src/newlib/_sbrk.o
 .debug_frame   0x00000060       0x7c ./system/src/newlib/_startup.o
 .debug_frame   0x000000dc       0x50 ./system/src/newlib/_syscalls.o
 .debug_frame   0x0000012c       0x40 ./system/src/newlib/assert.o
 .debug_frame   0x0000016c       0x94 ./system/src/diag/Trace.o
 .debug_frame   0x00000200       0x60 ./system/src/diag/trace_impl.o
 .debug_frame   0x00000260       0x40 ./system/src/cortexm/_initialize_hardware.o
 .debug_frame   0x000002a0      0x158 ./system/src/cortexm/exception_handlers.o
 .debug_frame   0x000003f8       0x30 ./system/src/cmsis/system_stm32f4xx.o
 .debug_frame   0x00000428       0x20 ./system/src/cmsis/vectors_stm32f407xx.o
 .debug_frame   0x00000448       0xac ./RTOS-Source/portable/MemMang/heap_4.o
 .debug_frame   0x000004f4       0xf0 ./RTOS-Source/portable/GCC/ARM_CM4F/port.o
 .debug_frame   0x000005e4       0x6c ./RTOS-Source/list.o
 .debug_frame   0x00000650      0x2e0 ./RTOS-Source/queue.o
 .debug_frame   0x00000930      0x564 ./RTOS-Source/tasks.o
 .debug_frame   0x00000e94      0x1cc ./RTOS-Source/timers.o
 .debug_frame   0x00001060       0xd8 ./RTOS-Demo/board/iar_stm32f407zg_sk.o
 .debug_frame   0x00001138       0x90 ./RTOS-Demo/Libraries/STM32F4xx_StdPeriph_Driver/src/misc.o
 .debug_frame   0x000011c8       0xc0 ./RTOS-Demo/Libraries/STM32F4xx_StdPeriph_Driver/src/stm32f4xx_exti.o
 .debug_frame   0x00001288      0x188 ./RTOS-Demo/Libraries/STM32F4xx_StdPeriph_Driver/src/stm32f4xx_gpio.o
 .debug_frame   0x00001410      0x474 ./RTOS-Demo/Libraries/STM32F4xx_StdPeriph_Driver/src/stm32f4xx_rcc.o
 .debug_frame   0x00001884       0x9c ./RTOS-Demo/Libraries/STM32F4xx_StdPeriph_Driver/src/stm32f4xx_syscfg.o
 .debug_frame   0x00001920       0x4c ./RTOS-Demo/Common/Minimal/flash.o
 .debug_frame   0x0000196c       0x60 ./RTOS-Demo/ParTest.o
 .debug_frame   0x000019cc       0x50 ./RTOS-Demo/RegTest.o
 .debug_frame   0x00001a1c       0xe0 ./RTOS-Demo/main.o
 .debug_frame   0x00001afc       0xb0 ./RTOS-Demo/stm32f4xx_it.o
 .debug_frame   0x00001bac       0x20 c:/program files (x86)/gnu tools arm embedded/4.9 2015q3/bin/../lib/gcc/arm-none-eabi/4.9.3/../../../../arm-none-eabi/lib/armv7e-m/fpu\libg_nano.a(lib_a-errno.o)
 .debug_frame   0x00001bcc       0x28 c:/program files (x86)/gnu tools arm embedded/4.9 2015q3/bin/../lib/gcc/arm-none-eabi/4.9.3/../../../../arm-none-eabi/lib/armv7e-m/fpu\libg_nano.a(lib_a-memcpy.o)
 .debug_frame   0x00001bf4       0x20 c:/program files (x86)/gnu tools arm embedded/4.9 2015q3/bin/../lib/gcc/arm-none-eabi/4.9.3/../../../../arm-none-eabi/lib/armv7e-m/fpu\libg_nano.a(lib_a-memset.o)
 .debug_frame   0x00001c14       0x20 c:/program files (x86)/gnu tools arm embedded/4.9 2015q3/bin/../lib/gcc/arm-none-eabi/4.9.3/../../../../arm-none-eabi/lib/armv7e-m/fpu\libg_nano.a(lib_a-strlen.o)
 .debug_frame   0x00001c34       0x50 c:/program files (x86)/gnu tools arm embedded/4.9 2015q3/bin/../lib/gcc/arm-none-eabi/4.9.3/../../../../arm-none-eabi/lib/armv7e-m/fpu\libg_nano.a(lib_a-vsnprintf.o)
 .debug_frame   0x00001c84       0x8c c:/program files (x86)/gnu tools arm embedded/4.9 2015q3/bin/../lib/gcc/arm-none-eabi/4.9.3/../../../../arm-none-eabi/lib/armv7e-m/fpu\libg_nano.a(lib_a-nano-svfprintf.o)
 .debug_frame   0x00001d10       0x58 c:/program files (x86)/gnu tools arm embedded/4.9 2015q3/bin/../lib/gcc/arm-none-eabi/4.9.3/../../../../arm-none-eabi/lib/armv7e-m/fpu\libg_nano.a(lib_a-nano-vfprintf_i.o)
 .debug_frame   0x00001d68       0x28 c:/program files (x86)/gnu tools arm embedded/4.9 2015q3/bin/../lib/gcc/arm-none-eabi/4.9.3/../../../../arm-none-eabi/lib/armv7e-m/fpu\libg_nano.a(lib_a-memchr.o)
 .debug_frame   0x00001d90       0x28 c:/program files (x86)/gnu tools arm embedded/4.9 2015q3/bin/../lib/gcc/arm-none-eabi/4.9.3/../../../../arm-none-eabi/lib/armv7e-m/fpu\libg_nano.a(lib_a-memmove.o)
 .debug_frame   0x00001db8       0x2c c:/program files (x86)/gnu tools arm embedded/4.9 2015q3/bin/../lib/gcc/arm-none-eabi/4.9.3/../../../../arm-none-eabi/lib/armv7e-m/fpu\libg_nano.a(lib_a-nano-freer.o)
 .debug_frame   0x00001de4       0x2c c:/program files (x86)/gnu tools arm embedded/4.9 2015q3/bin/../lib/gcc/arm-none-eabi/4.9.3/../../../../arm-none-eabi/lib/armv7e-m/fpu\libg_nano.a(lib_a-nano-mallocr.o)
 .debug_frame   0x00001e10       0x3c c:/program files (x86)/gnu tools arm embedded/4.9 2015q3/bin/../lib/gcc/arm-none-eabi/4.9.3/../../../../arm-none-eabi/lib/armv7e-m/fpu\libg_nano.a(lib_a-nano-reallocr.o)
 .debug_frame   0x00001e4c       0x2c c:/program files (x86)/gnu tools arm embedded/4.9 2015q3/bin/../lib/gcc/arm-none-eabi/4.9.3/../../../../arm-none-eabi/lib/armv7e-m/fpu\libg_nano.a(lib_a-sbrkr.o)
 .debug_frame   0x00001e78       0x20 c:/program files (x86)/gnu tools arm embedded/4.9 2015q3/bin/../lib/gcc/arm-none-eabi/4.9.3/../../../../arm-none-eabi/lib/armv7e-m/fpu\libg_nano.a(lib_a-nano-msizer.o)

.debug_str      0x00000000    0x68a52
 *(.debug_str)
 .debug_str     0x00000000     0x5ee4 ./system/src/newlib/_exit.o
                               0x6056 (size before relaxing)
 .debug_str     0x00005ee4      0x366 ./system/src/newlib/_sbrk.o
                               0x5467 (size before relaxing)
 .debug_str     0x0000624a      0xbc5 ./system/src/newlib/_startup.o
                               0x503f (size before relaxing)
 .debug_str     0x00006e0f     0x11be ./system/src/newlib/_syscalls.o
                               0x6667 (size before relaxing)
 .debug_str     0x00007fcd       0xed ./system/src/newlib/assert.o
                               0x6b5f (size before relaxing)
 .debug_str     0x000080ba      0x9bc ./system/src/diag/Trace.o
                               0x6977 (size before relaxing)
 .debug_str     0x00008a76    0x5420b ./system/src/diag/trace_impl.o
                              0x59fb7 (size before relaxing)
 .debug_str     0x0005cc81       0xbc ./system/src/cortexm/_initialize_hardware.o
                              0x56ff4 (size before relaxing)
 .debug_str     0x0005cd3d      0x17d ./system/src/cortexm/exception_handlers.o
                              0x5ad55 (size before relaxing)
 .debug_str     0x0005ceba      0x154 ./system/src/cmsis/system_stm32f4xx.o
                              0x570d3 (size before relaxing)
 .debug_str     0x0005d00e       0x59 ./system/src/cmsis/vectors_stm32f407xx.o
                               0x30b7 (size before relaxing)
 .debug_str     0x0005d067     0x3a06 ./RTOS-Source/portable/MemMang/heap_4.o
                               0x90a4 (size before relaxing)
 .debug_str     0x00060a6d      0x84a ./RTOS-Source/portable/GCC/ARM_CM4F/port.o
                               0x72e0 (size before relaxing)
 .debug_str     0x000612b7      0x13a ./RTOS-Source/list.o
                               0x8794 (size before relaxing)
 .debug_str     0x000613f1     0x1247 ./RTOS-Source/queue.o
                               0xa24a (size before relaxing)
 .debug_str     0x00062638     0x196b ./RTOS-Source/tasks.o
                               0xabd2 (size before relaxing)
 .debug_str     0x00063fa3      0x3bc ./RTOS-Source/timers.o
                               0xa6c9 (size before relaxing)
 .debug_str     0x0006435f     0x244c ./RTOS-Demo/board/iar_stm32f407zg_sk.o
                              0x593e4 (size before relaxing)
 .debug_str     0x000667ab      0x187 ./RTOS-Demo/Libraries/STM32F4xx_StdPeriph_Driver/src/misc.o
                              0x571a2 (size before relaxing)
 .debug_str     0x00066932      0x12c ./RTOS-Demo/Libraries/STM32F4xx_StdPeriph_Driver/src/stm32f4xx_exti.o
                              0x57140 (size before relaxing)
 .debug_str     0x00066a5e      0x174 ./RTOS-Demo/Libraries/STM32F4xx_StdPeriph_Driver/src/stm32f4xx_gpio.o
                              0x57269 (size before relaxing)
 .debug_str     0x00066bd2      0x9f6 ./RTOS-Demo/Libraries/STM32F4xx_StdPeriph_Driver/src/stm32f4xx_rcc.o
                              0x57ac3 (size before relaxing)
 .debug_str     0x000675c8      0x2aa ./RTOS-Demo/Libraries/STM32F4xx_StdPeriph_Driver/src/stm32f4xx_syscfg.o
                              0x57215 (size before relaxing)
 .debug_str     0x00067872      0x15f ./RTOS-Demo/Common/Minimal/flash.o
                               0x8ff1 (size before relaxing)
 .debug_str     0x000679d1       0x5d ./RTOS-Demo/ParTest.o
                              0x5c2b5 (size before relaxing)
 .debug_str     0x00067a2e       0xa5 ./RTOS-Demo/RegTest.o
                               0x2617 (size before relaxing)
 .debug_str     0x00067ad3      0xf1e ./RTOS-Demo/main.o
                              0x6150c (size before relaxing)
 .debug_str     0x000689f1       0x61 ./RTOS-Demo/stm32f4xx_it.o
                              0x56fcd (size before relaxing)

.debug_loc      0x00000000     0x53e7
 *(.debug_loc)
 .debug_loc     0x00000000       0x82 ./system/src/newlib/_sbrk.o
 .debug_loc     0x00000082      0x265 ./system/src/newlib/_startup.o
 .debug_loc     0x000002e7       0x63 ./system/src/newlib/_syscalls.o
 .debug_loc     0x0000034a       0xec ./system/src/newlib/assert.o
 .debug_loc     0x00000436       0xf7 ./system/src/diag/Trace.o
 .debug_loc     0x0000052d      0x17c ./system/src/diag/trace_impl.o
 .debug_loc     0x000006a9      0x2a8 ./system/src/cortexm/exception_handlers.o
 .debug_loc     0x00000951      0x137 ./system/src/cmsis/system_stm32f4xx.o
 .debug_loc     0x00000a88      0x2c7 ./RTOS-Source/portable/MemMang/heap_4.o
 .debug_loc     0x00000d4f       0xa7 ./RTOS-Source/portable/GCC/ARM_CM4F/port.o
 .debug_loc     0x00000df6       0x65 ./RTOS-Source/list.o
 .debug_loc     0x00000e5b      0xc29 ./RTOS-Source/queue.o
 .debug_loc     0x00001a84     0x16a6 ./RTOS-Source/tasks.o
 .debug_loc     0x0000312a      0x82c ./RTOS-Source/timers.o
 .debug_loc     0x00003956       0xd1 ./RTOS-Demo/board/iar_stm32f407zg_sk.o
 .debug_loc     0x00003a27      0x1d5 ./RTOS-Demo/Libraries/STM32F4xx_StdPeriph_Driver/src/misc.o
 .debug_loc     0x00003bfc      0x1c6 ./RTOS-Demo/Libraries/STM32F4xx_StdPeriph_Driver/src/stm32f4xx_exti.o
 .debug_loc     0x00003dc2      0x4ec ./RTOS-Demo/Libraries/STM32F4xx_StdPeriph_Driver/src/stm32f4xx_gpio.o
 .debug_loc     0x000042ae      0xf1f ./RTOS-Demo/Libraries/STM32F4xx_StdPeriph_Driver/src/stm32f4xx_rcc.o
 .debug_loc     0x000051cd       0xfb ./RTOS-Demo/Libraries/STM32F4xx_StdPeriph_Driver/src/stm32f4xx_syscfg.o
 .debug_loc     0x000052c8       0x6c ./RTOS-Demo/Common/Minimal/flash.o
 .debug_loc     0x00005334       0xb3 ./RTOS-Demo/ParTest.o

.debug_macinfo
 *(.debug_macinfo)

.debug_weaknames
 *(.debug_weaknames)

.debug_funcnames
 *(.debug_funcnames)

.debug_typenames
 *(.debug_typenames)

.debug_varnames
 *(.debug_varnames)
OUTPUT(FreeRTOS-04.elf elf32-littlearm)

.debug_ranges   0x00000000      0xa08
 .debug_ranges  0x00000000       0x18 ./system/src/newlib/_exit.o
 .debug_ranges  0x00000018       0x10 ./system/src/newlib/_sbrk.o
 .debug_ranges  0x00000028       0x48 ./system/src/newlib/_startup.o
 .debug_ranges  0x00000070       0x20 ./system/src/newlib/_syscalls.o
 .debug_ranges  0x00000090       0x18 ./system/src/newlib/assert.o
 .debug_ranges  0x000000a8       0x28 ./system/src/diag/Trace.o
 .debug_ranges  0x000000d0       0x38 ./system/src/diag/trace_impl.o
 .debug_ranges  0x00000108       0x18 ./system/src/cortexm/_initialize_hardware.o
 .debug_ranges  0x00000120       0x98 ./system/src/cortexm/exception_handlers.o
 .debug_ranges  0x000001b8       0x18 ./system/src/cmsis/system_stm32f4xx.o
 .debug_ranges  0x000001d0       0x10 ./system/src/cmsis/vectors_stm32f407xx.o
 .debug_ranges  0x000001e0       0x40 ./RTOS-Source/portable/MemMang/heap_4.o
 .debug_ranges  0x00000220       0x70 ./RTOS-Source/portable/GCC/ARM_CM4F/port.o
 .debug_ranges  0x00000290       0x30 ./RTOS-Source/list.o
 .debug_ranges  0x000002c0       0xf0 ./RTOS-Source/queue.o
 .debug_ranges  0x000003b0      0x1e8 ./RTOS-Source/tasks.o
 .debug_ranges  0x00000598       0x88 ./RTOS-Source/timers.o
 .debug_ranges  0x00000620       0x48 ./RTOS-Demo/board/iar_stm32f407zg_sk.o
 .debug_ranges  0x00000668       0x30 ./RTOS-Demo/Libraries/STM32F4xx_StdPeriph_Driver/src/misc.o
 .debug_ranges  0x00000698       0x48 ./RTOS-Demo/Libraries/STM32F4xx_StdPeriph_Driver/src/stm32f4xx_exti.o
 .debug_ranges  0x000006e0       0x78 ./RTOS-Demo/Libraries/STM32F4xx_StdPeriph_Driver/src/stm32f4xx_gpio.o
 .debug_ranges  0x00000758      0x168 ./RTOS-Demo/Libraries/STM32F4xx_StdPeriph_Driver/src/stm32f4xx_rcc.o
 .debug_ranges  0x000008c0       0x38 ./RTOS-Demo/Libraries/STM32F4xx_StdPeriph_Driver/src/stm32f4xx_syscfg.o
 .debug_ranges  0x000008f8       0x18 ./RTOS-Demo/Common/Minimal/flash.o
 .debug_ranges  0x00000910       0x20 ./RTOS-Demo/ParTest.o
 .debug_ranges  0x00000930       0x28 ./RTOS-Demo/RegTest.o
 .debug_ranges  0x00000958       0x58 ./RTOS-Demo/main.o
 .debug_ranges  0x000009b0       0x58 ./RTOS-Demo/stm32f4xx_it.o

.debug_macro    0x00000000    0x12f5d
 .debug_macro   0x00000000      0x131 ./system/src/newlib/_exit.o
 .debug_macro   0x00000131      0x89e ./system/src/newlib/_exit.o
 .debug_macro   0x000009cf       0x9c ./system/src/newlib/_exit.o
 .debug_macro   0x00000a6b      0x10e ./system/src/newlib/_exit.o
 .debug_macro   0x00000b79       0x86 ./system/src/newlib/_exit.o
 .debug_macro   0x00000bff       0x43 ./system/src/newlib/_exit.o
 .debug_macro   0x00000c42      0x27a ./system/src/newlib/_exit.o
 .debug_macro   0x00000ebc       0x35 ./system/src/newlib/_exit.o
 .debug_macro   0x00000ef1       0xed ./system/src/newlib/_sbrk.o
 .debug_macro   0x00000fde      0x16d ./system/src/newlib/_sbrk.o
 .debug_macro   0x0000114b       0x10 ./system/src/newlib/_sbrk.o
 .debug_macro   0x0000115b      0x23b ./system/src/newlib/_sbrk.o
 .debug_macro   0x00001396       0xf7 ./system/src/newlib/_startup.o
 .debug_macro   0x0000148d      0x34e ./system/src/newlib/_startup.o
 .debug_macro   0x000017db      0x1ad ./system/src/newlib/_syscalls.o
 .debug_macro   0x00001988       0x1c ./system/src/newlib/_syscalls.o
 .debug_macro   0x000019a4       0x10 ./system/src/newlib/_syscalls.o
 .debug_macro   0x000019b4       0x10 ./system/src/newlib/_syscalls.o
 .debug_macro   0x000019c4       0x10 ./system/src/newlib/_syscalls.o
 .debug_macro   0x000019d4       0x10 ./system/src/newlib/_syscalls.o
 .debug_macro   0x000019e4       0x35 ./system/src/newlib/_syscalls.o
 .debug_macro   0x00001a19      0x122 ./system/src/newlib/_syscalls.o
 .debug_macro   0x00001b3b       0x2e ./system/src/newlib/_syscalls.o
 .debug_macro   0x00001b69       0x82 ./system/src/newlib/_syscalls.o
 .debug_macro   0x00001beb       0x2b ./system/src/newlib/_syscalls.o
 .debug_macro   0x00001c16      0x118 ./system/src/newlib/_syscalls.o
 .debug_macro   0x00001d2e      0x159 ./system/src/newlib/_syscalls.o
 .debug_macro   0x00001e87       0x16 ./system/src/newlib/_syscalls.o
 .debug_macro   0x00001e9d      0x14d ./system/src/newlib/assert.o
 .debug_macro   0x00001fea       0x1c ./system/src/newlib/assert.o
 .debug_macro   0x00002006      0x15e ./system/src/diag/Trace.o
 .debug_macro   0x00002164       0x16 ./system/src/diag/Trace.o
 .debug_macro   0x0000217a       0x97 ./system/src/diag/Trace.o
 .debug_macro   0x00002211       0xf6 ./system/src/diag/Trace.o
 .debug_macro   0x00002307       0x10 ./system/src/diag/Trace.o
 .debug_macro   0x00002317       0x16 ./system/src/diag/Trace.o
 .debug_macro   0x0000232d      0x197 ./system/src/diag/Trace.o
 .debug_macro   0x000024c4       0x52 ./system/src/diag/Trace.o
 .debug_macro   0x00002516       0x16 ./system/src/diag/Trace.o
 .debug_macro   0x0000252c      0x284 ./system/src/diag/trace_impl.o
 .debug_macro   0x000027b0       0x5d ./system/src/diag/trace_impl.o
 .debug_macro   0x0000280d       0x35 ./system/src/diag/trace_impl.o
 .debug_macro   0x00002842       0x50 ./system/src/diag/trace_impl.o
 .debug_macro   0x00002892      0xe66 ./system/src/diag/trace_impl.o
 .debug_macro   0x000036f8     0x8057 ./system/src/diag/trace_impl.o
 .debug_macro   0x0000b74f      0x44e ./system/src/diag/trace_impl.o
 .debug_macro   0x0000bb9d      0x3cf ./system/src/diag/trace_impl.o
 .debug_macro   0x0000bf6c      0x111 ./system/src/diag/trace_impl.o
 .debug_macro   0x0000c07d      0x182 ./system/src/diag/trace_impl.o
 .debug_macro   0x0000c1ff       0xb2 ./system/src/diag/trace_impl.o
 .debug_macro   0x0000c2b1      0x146 ./system/src/diag/trace_impl.o
 .debug_macro   0x0000c3f7      0x477 ./system/src/diag/trace_impl.o
 .debug_macro   0x0000c86e       0xac ./system/src/diag/trace_impl.o
 .debug_macro   0x0000c91a      0x241 ./system/src/diag/trace_impl.o
 .debug_macro   0x0000cb5b      0x279 ./system/src/diag/trace_impl.o
 .debug_macro   0x0000cdd4       0xb5 ./system/src/diag/trace_impl.o
 .debug_macro   0x0000ce89      0x265 ./system/src/diag/trace_impl.o
 .debug_macro   0x0000d0ee      0x2b1 ./system/src/diag/trace_impl.o
 .debug_macro   0x0000d39f       0x64 ./system/src/diag/trace_impl.o
 .debug_macro   0x0000d403       0xa6 ./system/src/diag/trace_impl.o
 .debug_macro   0x0000d4a9      0x538 ./system/src/diag/trace_impl.o
 .debug_macro   0x0000d9e1       0x40 ./system/src/diag/trace_impl.o
 .debug_macro   0x0000da21      0x57a ./system/src/diag/trace_impl.o
 .debug_macro   0x0000df9b      0x341 ./system/src/diag/trace_impl.o
 .debug_macro   0x0000e2dc      0x36a ./system/src/diag/trace_impl.o
 .debug_macro   0x0000e646       0xdf ./system/src/diag/trace_impl.o
 .debug_macro   0x0000e725      0x73b ./system/src/diag/trace_impl.o
 .debug_macro   0x0000ee60      0x220 ./system/src/diag/trace_impl.o
 .debug_macro   0x0000f080       0x34 ./system/src/diag/trace_impl.o
 .debug_macro   0x0000f0b4       0x7f ./system/src/diag/trace_impl.o
 .debug_macro   0x0000f133       0x35 ./system/src/diag/trace_impl.o
 .debug_macro   0x0000f168       0x10 ./system/src/diag/trace_impl.o
 .debug_macro   0x0000f178       0xc8 ./system/src/diag/trace_impl.o
 .debug_macro   0x0000f240       0x19 ./system/src/diag/trace_impl.o
 .debug_macro   0x0000f259       0xbe ./system/src/diag/trace_impl.o
 .debug_macro   0x0000f317       0x22 ./system/src/diag/trace_impl.o
 .debug_macro   0x0000f339      0x191 ./system/src/cortexm/_initialize_hardware.o
 .debug_macro   0x0000f4ca      0x2ba ./system/src/cortexm/exception_handlers.o
 .debug_macro   0x0000f784       0x3b ./system/src/cortexm/exception_handlers.o
 .debug_macro   0x0000f7bf       0x10 ./system/src/cortexm/exception_handlers.o
 .debug_macro   0x0000f7cf      0x18d ./system/src/cmsis/system_stm32f4xx.o
 .debug_macro   0x0000f95c       0x34 ./system/src/cmsis/vectors_stm32f407xx.o
 .debug_macro   0x0000f990      0x176 ./RTOS-Source/portable/MemMang/heap_4.o
 .debug_macro   0x0000fb06      0x114 ./RTOS-Source/portable/MemMang/heap_4.o
 .debug_macro   0x0000fc1a      0x15d ./RTOS-Source/portable/MemMang/heap_4.o
 .debug_macro   0x0000fd77       0xe4 ./RTOS-Source/portable/MemMang/heap_4.o
 .debug_macro   0x0000fe5b       0x10 ./RTOS-Source/portable/MemMang/heap_4.o
 .debug_macro   0x0000fe6b       0x1f ./RTOS-Source/portable/MemMang/heap_4.o
 .debug_macro   0x0000fe8a      0x3c3 ./RTOS-Source/portable/MemMang/heap_4.o
 .debug_macro   0x0001024d       0xc0 ./RTOS-Source/portable/MemMang/heap_4.o
 .debug_macro   0x0001030d       0x9a ./RTOS-Source/portable/MemMang/heap_4.o
 .debug_macro   0x000103a7      0x158 ./RTOS-Source/portable/GCC/ARM_CM4F/port.o
 .debug_macro   0x000104ff      0x14f ./RTOS-Source/list.o
 .debug_macro   0x0001064e      0x1c1 ./RTOS-Source/queue.o
 .debug_macro   0x0001080f       0xb0 ./RTOS-Source/queue.o
 .debug_macro   0x000108bf      0x1fd ./RTOS-Source/tasks.o
 .debug_macro   0x00010abc       0x10 ./RTOS-Source/tasks.o
 .debug_macro   0x00010acc      0x18c ./RTOS-Source/timers.o
 .debug_macro   0x00010c58      0x196 ./RTOS-Demo/board/iar_stm32f407zg_sk.o
 .debug_macro   0x00010dee      0x560 ./RTOS-Demo/board/iar_stm32f407zg_sk.o
 .debug_macro   0x0001134e      0x197 ./RTOS-Demo/Libraries/STM32F4xx_StdPeriph_Driver/src/misc.o
 .debug_macro   0x000114e5       0x79 ./RTOS-Demo/Libraries/STM32F4xx_StdPeriph_Driver/src/misc.o
 .debug_macro   0x0001155e      0x197 ./RTOS-Demo/Libraries/STM32F4xx_StdPeriph_Driver/src/stm32f4xx_exti.o
 .debug_macro   0x000116f5       0xa6 ./RTOS-Demo/Libraries/STM32F4xx_StdPeriph_Driver/src/stm32f4xx_exti.o
 .debug_macro   0x0001179b      0x191 ./RTOS-Demo/Libraries/STM32F4xx_StdPeriph_Driver/src/stm32f4xx_gpio.o
 .debug_macro   0x0001192c      0x25f ./RTOS-Demo/Libraries/STM32F4xx_StdPeriph_Driver/src/stm32f4xx_gpio.o
 .debug_macro   0x00011b8b      0x239 ./RTOS-Demo/Libraries/STM32F4xx_StdPeriph_Driver/src/stm32f4xx_rcc.o
 .debug_macro   0x00011dc4      0x532 ./RTOS-Demo/Libraries/STM32F4xx_StdPeriph_Driver/src/stm32f4xx_rcc.o
 .debug_macro   0x000122f6      0x1bb ./RTOS-Demo/Libraries/STM32F4xx_StdPeriph_Driver/src/stm32f4xx_syscfg.o
 .debug_macro   0x000124b1       0xd9 ./RTOS-Demo/Libraries/STM32F4xx_StdPeriph_Driver/src/stm32f4xx_syscfg.o
 .debug_macro   0x0001258a      0x183 ./RTOS-Demo/Common/Minimal/flash.o
 .debug_macro   0x0001270d      0x20d ./RTOS-Demo/ParTest.o
 .debug_macro   0x0001291a       0x18 ./RTOS-Demo/RegTest.o
 .debug_macro   0x00012932      0x404 ./RTOS-Demo/main.o
 .debug_macro   0x00012d36       0x90 ./RTOS-Demo/main.o
 .debug_macro   0x00012dc6      0x197 ./RTOS-Demo/stm32f4xx_it.o
